******************************************************************************
                  TI ARM Linker PC v20.2.5                     
******************************************************************************
>> Linked Fri Jan 28 15:57:38 2022

OUTPUT FILE NAME:   <tcp_client_v4.out>
ENTRY POINT SYMBOL: "_c_int00"  address: 0000e7f5


MEMORY CONFIGURATION

         name            origin    length      used     unused   attr    fill
----------------------  --------  ---------  --------  --------  ----  --------
  FLASH                 00000000   00100000  00015892  000ea76e  R  X
  SRAM                  20000000   00040000  0001ba88  00024578  RW X


SEGMENT ALLOCATION MAP

run origin  load origin   length   init length attrs members
----------  ----------- ---------- ----------- ----- -------
00000000    00000000    00015898   00015898    r-x
  00000000    00000000    0000003c   0000003c    r-- .resetVecs
  00000040    00000040    00012f32   00012f32    r-x .text
  00012f74    00012f74    000024e4   000024e4    r-- .const
  00015458    00015458    00000440   00000440    r-- .cinit
20000000    20000000    00000360   00000000    rw-
  20000000    20000000    00000360   00000000    rw- .vecs
20000380    20000380    0001b728   00000000    rw-
  20000380    20000380    0001a58c   00000000    rw- .bss
  2001a90c    2001a90c    0000099c   00000000    rw- .data
  2001b2a8    2001b2a8    00000800   00000000    rw- .stack


SECTION ALLOCATION MAP

 output                                  attributes/
section   page    origin      length       input sections
--------  ----  ----------  ----------   ----------------
.text      0    00000040    00012f32     
                  00000040    00000c68     stk.aem4f : tcpin.oem4f (.text:TcpInput)
                  00000ca8    00000a4e     rtsv7M4_T_le_v4SPD16_eabi.lib : _printfi.c.obj (.text:__TI_printfi)
                  000016f6    00000002     hal_userled_stub.aem4f : llled.oem4f (.text:LED_TOGGLE)
                  000016f8    000008b8     stk.aem4f : tcpout.oem4f (.text:TcpOutput)
                  00001fb0    00000430     sysbios.aem4f : BIOS.obj (.text:ti_sysbios_family_arm_m3_Hwi_excDumpRegs__I)
                  000023e0    00000408     stk.aem4f : ipout.oem4f (.text:IPTxPacket)
                  000027e8    00000384               : ipin.oem4f (.text:IPRxPacket)
                  00002b6c    0000034c     ti.targets.arm.rtsarm.aem4f : System.oem4f (.text:xdc_runtime_System_doPrint__I)
                  00002eb8    00000284     stk.aem4f : sock.oem4f (.text:SockSet)
                  0000313c    00000270     rtsv7M4_T_le_v4SPD16_eabi.lib : _printfi.c.obj (.text:_pconv_a)
                  000033ac    0000024c     stk.aem4f : ipfrag.oem4f (.text:IPReasm)
                  000035f8    0000023c               : icmpin.oem4f (.text:ICMPInput)
                  00003834    00000238               : udp.oem4f (.text:UdpInput)
                  00003a6c    00000204     Boot.aem4f : Boot_sysctl.oem4f (.text:ti_catalog_arm_cortexm4_tiva_ce_Boot_sysCtlClockFreqSetI__I)
                  00003c70    000001f4     stk.aem4f : sock.oem4f (.text:SockRecv)
                  00003e64    00000004               : bind.oem4f (.text:BindGetIF)
                  00003e68    000001f4     sysbios.aem4f : BIOS.obj (.text:ti_sysbios_family_arm_m3_Hwi_excHandlerMax__I)
                  0000405c    000001d0     rtsv7M4_T_le_v4SPD16_eabi.lib : _printfi.c.obj (.text:_pconv_g)
                  0000422c    000001b8     drivers_tivaware.aem4f : EMACSnow.oem4f (.text:EMACSnow_NIMUInit)
                  000043e4    000001b6     rtsv7M4_T_le_v4SPD16_eabi.lib : fd_add_t2.asm.obj (.text)
                  0000459a    00000002     stk.aem4f : nat.oem4f (.text:NatMsg)
                  0000459c    000001b0               : lliout.oem4f (.text:LLITxIpPacket)
                  0000474c    000001ac               : lliin.oem4f (.text:LLIRxPacket)
                  000048f8    0000019c     os.aem4f : mem.oem4f (.text:mmAlloc)
                  00004a94    00000198     stk.aem4f : igmp.oem4f (.text:IGMPInput)
                  00004c2c    00000190               : sock.oem4f (.text:SockNew)
                  00004dbc    00000174     netctrl_min_ipv4.aem4f : netctrl.oem4f (.text:NC_NetStart)
                  00004f30    00000174     sysbios.aem4f : BIOS.obj (.text:ti_sysbios_family_arm_m3_Hwi_excBusFault__I)
                  000050a4    00000170     stk.aem4f : rtc.oem4f (.text:RTCReport)
                  00005214    0000016a               : sb.oem4f (.text:SBRead)
                  0000537e    00000002     os.aem4f : task.oem4f (.text:_TaskInit)
                  00005380    00000164     sysbios.aem4f : BIOS.obj (.text:ti_sysbios_family_arm_m3_Hwi_excUsageFault__I)
                  000054e4    00000160     stk.aem4f : sock.oem4f (.text:SockConnect)
                  00005644    00000158     nettool_ipv4.aem4f : dhcpmain.oem4f (.text:DHCPOpen)
                  0000579c    00000150     drivers_tivaware.aem4f : GPIOTiva.oem4f (.text:GPIO_setConfig)
                  000058ec    00000004     stk.aem4f : bind.oem4f (.text:BindGetNext)
                  000058f0    00000148     sysbios.aem4f : BIOS.obj (.text:ti_sysbios_family_arm_m3_Hwi_excMemFault__I)
                  00005a38    00000148                   : BIOS.obj (.text:ti_sysbios_knl_Task_Instance_finalize__E)
                  00005b80    00000144     stk.aem4f : bind.oem4f (.text:BindNew)
                  00005cc4    00000140               : tcp.oem4f (.text:TcpTimeoutCheck)
                  00005e04    0000013c     nettool_ipv4.aem4f : config.oem4f (.text:CfgAddEntry)
                  00005f40    0000013c     stk.aem4f : sockint.oem4f (.text:SockNotify)
                  0000607c    0000013c               : sock.oem4f (.text:SockSend)
                  000061b8    0000013c     rtsv7M4_T_le_v4SPD16_eabi.lib : _printfi.c.obj (.text:_pconv_e)
                  000062f4    00000136                                   : fd_div_t2.asm.obj (.text)
                  0000642a    00000002     os.aem4f : task.oem4f (.text:_TaskShutdown)
                  0000642c    00000134     stk.aem4f : icmp.oem4f (.text:ICMPGenPacket)
                  00006560    00000131     main.obj (.text:sendData2Server)
                  00006691    00000001     --HOLE-- [fill = 0]
                  00006692    00000130     driverlib.lib : gpio.obj (.text:GPIOPadConfigSet)
                  000067c2    00000002     hal_ser_stub.aem4f : llserstb.oem4f (.text:_llSerialServiceCheck)
                  000067c4    0000012c     EK_TM4C1294XL.obj (.text:EK_TM4C1294XL_initEMAC)
                  000068f0    00000128     sysbios.aem4f : BIOS.obj (.text:ti_sysbios_knl_Semaphore_pend__E)
                  00006a18    00000124     stk.aem4f : sockpcb.oem4f (.text:SockPcbResolve)
                  00006b3c    00000124               : udp.oem4f (.text:UdpOutput)
                  00006c60    00000124     rtsv7M4_T_le_v4SPD16_eabi.lib : _printfi.c.obj (.text:fcvt)
                  00006d84    00000120     main.obj (.text:taskAverage)
                  00006ea4    00000120     httpget_pem4f.oem4f (.text:ti_ndk_config_Global_stackThread)
                  00006fc4    00000118     stk.aem4f : tcpout.oem4f (.text:TcpGenPacket)
                  000070dc    00000118     ti.targets.arm.rtsarm.aem4f : Error.oem4f (.text:xdc_runtime_Error_policyDefault__E)
                  000071f4    00000114     stk.aem4f : nimu.oem4f (.text:NIMUIoctl)
                  00007308    00000110               : node.oem4f (.text:NodeTreeFree)
                  00007418    00000110               : raw.oem4f (.text:RawInput)
                  00007528    00000110     rtsv7M4_T_le_v4SPD16_eabi.lib : s_scalbn.c.obj (.text:scalbn)
                  00007638    0000010c     stk.aem4f : rtable.oem4f (.text:RtFind)
                  00007744    0000010a               : route.oem4f (.text:RtCreate)
                  0000784e    00000002     hal_ser_stub.aem4f : llserstb.oem4f (.text:_llSerialShutdown)
                  00007850    00000108     drivers_tivaware.aem4f : EMACSnow.oem4f (.text:EMACSnow_emacStart)
                  00007958    00000108     sysbios.aem4f : BIOS.obj (.text:ti_sysbios_family_arm_lm4_Timer_start__E)
                  00007a60    00000104     os.aem4f : task.oem4f (.text:llEnter)
                  00007b64    00000102     nettool_ipv4.aem4f : dhcppkt.oem4f (.text:dhcpPacketProcess)
                  00007c66    00000102                        : inetaddr.oem4f (.text:inet_aton)
                  00007d68    00000100     stk.aem4f : igmp.oem4f (.text:IGMPSendReply)
                  00007e68    00000100     ti.targets.arm.rtsarm.aem4f : Core-mem.oem4f (.text:xdc_runtime_Core_createObject__I)
                  00007f68    000000fc     netctrl_min_ipv4.aem4f : netctrl.oem4f (.text:NetScheduler)
                  00008064    000000fc     rtsv7M4_T_le_v4SPD16_eabi.lib : fd_mul_t2.asm.obj (.text)
                  00008160    000000f8     stk.aem4f : pipe.oem4f (.text:PipeRecv)
                  00008258    000000f8     ti.targets.arm.rtsarm.aem4f : Startup.oem4f (.text:xdc_runtime_Startup_startMods__I)
                  00008350    000000f8     httpget_pem4f.oem4f (.text:xdc_runtime_System_printfExtend__I)
                  00008448    000000f4     os.aem4f : task.oem4f (.text:TaskGetEnv)
                  0000853c    000000f4     sysbios.aem4f : m3_Hwi_asm.obj (.text:ti_sysbios_family_arm_m3_Hwi_dispatch__I)
                  00008630    000000f4                   : BIOS.obj (.text:ti_sysbios_knl_Task_Instance_init__E)
                  00008724    000000f0     stk.aem4f : lliout.oem4f (.text:LLIGenArpPacket)
                  00008814    000000f0               : sock.oem4f (.text:SockClose)
                  00008904    000000e8     os.aem4f : task.oem4f (.text:TaskSetEnv)
                  000089ec    00000004              : ossys.oem4f (.text:NDK_vsprintf)
                  000089f0    000000e4     sysbios.aem4f : BIOS.obj (.text:ti_sysbios_knl_Task_postInit__I)
                  00008ad4    000000e0     stk.aem4f : tcptime.oem4f (.text:TcpTimeoutRexmt)
                  00008bb4    000000dc               : sb.oem4f (.text:SBWrite)
                  00008c90    000000dc     nettool_ipv4.aem4f : dhcpsock.oem4f (.text:dhcpSocketOpen)
                  00008d6c    000000dc                        : dhcpsm.oem4f (.text:dhcpState)
                  00008e48    000000d8     stk.aem4f : node.oem4f (.text:NodeAdd)
                  00008f20    000000d8               : tcpprot.oem4f (.text:TcpPrSetOption)
                  00008ff8    000000d4     drivers_tivaware.aem4f : EMACSnow.oem4f (.text:EMACSnow_handleRx)
                  000090cc    000000d4     stk.aem4f : sockpcb.oem4f (.text:SockPcbBind)
                  000091a0    000000d4     sysbios.aem4f : BIOS.obj (.text:ti_sysbios_heaps_HeapMem_alloc__E)
                  00009274    000000d1     stk.aem4f : nimu.oem4f (.text:NIMUReceivePacket)
                  00009345    00000001     --HOLE-- [fill = 0]
                  00009346    00000002     hal_userled_stub.aem4f : llled.oem4f (.text:_llUserLedInit)
                  00009348    000000cc     stk.aem4f : icmp.oem4f (.text:ICMPSendRtAdv)
                  00009414    000000cc     nettool_ipv4.aem4f : dhcpbild.oem4f (.text:dhcpBuildHeader)
                  000094e0    000000cc                        : dhcpsm.oem4f (.text:dhcpIPAdd)
                  000095ac    000000cc                        : dhcppkt.oem4f (.text:dhcpVerifyMessage)
                  00009678    000000cc     ti.targets.arm.rtsarm.aem4f : Core-smem.oem4f (.text:xdc_runtime_Core_constructObject__I)
                  00009744    000000c8     stk.aem4f : rawethsock.oem4f (.text:RawEthSockNew)
                  0000980c    000000c8     netctrl_min_ipv4.aem4f : netsrv.oem4f (.text:SPIpNet)
                  000098d4    000000c4     drivers_tivaware.aem4f : EMACSnow.oem4f (.text:EMACSnow_InitDMADescriptors)
                  00009998    000000c4     stk.aem4f : igmp.oem4f (.text:IGMPJoinHostGroup)
                  00009a5c    000000c4     nettool_ipv4.aem4f : dhcpsm.oem4f (.text:StateBound)
                  00009b20    000000c0     sysbios.aem4f : BIOS.obj (.text:ti_sysbios_knl_Task_sleep__E)
                  00009be0    000000bc     stk.aem4f : sockpcb.oem4f (.text:SockPcbFind)
                  00009c9c    000000bc               : vlan.oem4f (.text:VLANDeinit)
                  00009d58    000000bc     sysbios.aem4f : BIOS.obj (.text:ti_sysbios_family_arm_m3_Hwi_excDebugMon__I)
                  00009e14    00000004     stk.aem4f : node.oem4f (.text:NodeSetRt)
                  00009e18    000000bc     sysbios.aem4f : BIOS.obj (.text:ti_sysbios_family_arm_m3_Hwi_excHardFault__I)
                  00009ed4    00000004     stk.aem4f : rawethsock_prot.oem4f (.text:RawEthSockPrAttach)
                  00009ed8    000000bc     sysbios.aem4f : BIOS.obj (.text:ti_sysbios_knl_Task_exit__E)
                  00009f94    000000b8     EK_TM4C1294XL.obj (.text:EK_TM4C1294XL_initGeneral)
                  0000a04c    000000b8     stk.aem4f : icmpin.oem4f (.text:ICMPRevSrcRoute)
                  0000a104    000000b8               : lli.oem4f (.text:_LLITimeoutCheck)
                  0000a1bc    000000b4               : tcptime.oem4f (.text:TcpTimeoutKeep)
                  0000a270    000000b4     sysbios.aem4f : BIOS.obj (.text:ti_sysbios_knl_Task_checkStacks__E)
                  0000a324    000000b1     rtsv7M4_T_le_v4SPD16_eabi.lib : _printfi.c.obj (.text:_ltostr)
                  0000a3d5    00000001     --HOLE-- [fill = 0]
                  0000a3d6    000000b0     stk.aem4f : rawethsock.oem4f (.text:RawEthSockSet)
                  0000a486    00000002     hal_userled_stub.aem4f : llled.oem4f (.text:_llUserLedShutdown)
                  0000a488    000000ac     stk.aem4f : rtable.oem4f (.text:RtTimeoutCheck)
                  0000a534    00000004               : rawethsock_prot.oem4f (.text:RawEthSockPrDetach)
                  0000a538    000000ac     sysbios.aem4f : BIOS.obj (.text:ti_sysbios_family_arm_lm4_Timer_enableTiva__I)
                  0000a5e4    000000a8     stk.aem4f : sockint.oem4f (.text:SockCreatePacket)
                  0000a68c    00000004     os.aem4f : semaphore.oem4f (.text:SemPend)
                  0000a690    000000a4     sysbios.aem4f : BIOS.obj (.text:ti_sysbios_knl_Task_setPri__E)
                  0000a734    000000a2     main.obj (.text:main)
                  0000a7d6    00000002     rtsv7M4_T_le_v4SPD16_eabi.lib : _lock.c.obj (.text:_nop)
                  0000a7d8    000000a0     stk.aem4f : ip.oem4f (.text:IPGetRoute)
                  0000a878    000000a0     auto_init.aem4f : auto_init.oem4f (.text)
                  0000a918    000000a0     ti.targets.arm.rtsarm.aem4f : Text.oem4f (.text:xdc_runtime_Text_putMod__E)
                  0000a9b8    0000009e     stk.aem4f : nimu.oem4f (.text:NIMUAddEthernetHeader)
                  0000aa56    0000009e     nettool_ipv4.aem4f : dhcpbild.oem4f (.text:dhcpBuildRequest)
                  0000aaf4    0000009c     stk.aem4f : exec.oem4f (.text:ExecOpen)
                  0000ab90    0000009c     rtsv7M4_T_le_v4SPD16_eabi.lib : memcpy_t2.asm.obj (.text)
                  0000ac2c    0000009a     ti.targets.arm.rtsarm.aem4f : Text.oem4f (.text:xdc_runtime_Text_putSite__E)
                  0000acc6    00000002     hal_ser_stub.aem4f : llserstb.oem4f (.text:llSerialService)
                  0000acc8    00000098     netctrl_min_ipv4.aem4f : netctrl.oem4f (.text:NC_SystemOpen)
                  0000ad60    00000098                            : netsrv.oem4f (.text:ServiceScan)
                  0000adf8    00000098     Boot.aem4f : Boot.oem4f (.text:ti_catalog_arm_cortexm4_tiva_ce_Boot_sysCtlClockFreqSet__E)
                  0000ae90    00000098     sysbios.aem4f : BIOS.obj (.text:ti_sysbios_knl_Task_schedule__I)
                  0000af28    00000096     rtsv7M4_T_le_v4SPD16_eabi.lib : ull_div_t2.asm.obj (.text)
                  0000afbe    00000002                                   : div0.asm.obj (.text)
                  0000afc0    00000094     nettool_ipv4.aem4f : config.oem4f (.text:CfgRemoveEntry)
                  0000b054    00000004     os.aem4f : semaphore.oem4f (.text:SemPost)
                  0000b058    00000094     sysbios.aem4f : BIOS.obj (.text:ti_sysbios_family_arm_m3_Hwi_Instance_init__E)
                  0000b0ec    00000004     os.aem4f : semaphore.oem4f (.text:SemReset)
                  0000b0f0    00000094     sysbios.aem4f : BIOS.obj (.text:ti_sysbios_family_arm_m3_Hwi_initNVIC__E)
                  0000b184    00000090     nettool_ipv4.aem4f : config.oem4f (.text:CfgExecute)
                  0000b214    00000090     stk.aem4f : igmp.oem4f (.text:IGMPMsg)
                  0000b2a4    00000090     os.aem4f : mem.oem4f (.text:mmBulkAlloc)
                  0000b334    00000004              : task.oem4f (.text:TaskSelf)
                  0000b338    00000090     sysbios.aem4f : BIOS.obj (.text:ti_sysbios_knl_Task_Module_startup__E)
                  0000b3c8    00000090                   : BIOS.obj (.text:ti_sysbios_knl_Task_startCore__E)
                  0000b458    0000008c     drivers_tivaware.aem4f : GPIOTiva.oem4f (.text:GPIO_init)
                  0000b4e4    0000008c     stk.aem4f : ip.oem4f (.text:IPMsg)
                  0000b570    0000008c     os.aem4f : mem.oem4f (.text:_mmInit)
                  0000b5fc    0000008c     main.obj (.text:clientSocketTask)
                  0000b688    0000008c     os.aem4f : mem.oem4f (.text:mmInitPage)
                  0000b714    0000008c     sysbios.aem4f : m3_TaskSupport_asm.obj (.text:ti_sysbios_family_arm_m3_TaskSupport_buildTaskStack)
                  0000b7a0    0000008a     netctrl_min_ipv4.aem4f : netsrv.oem4f (.text:SPRoute)
                  0000b82a    00000002     httpget_pem4f.oem4f (.text:ti_ndk_config_Global_NetworkClose)
                  0000b82c    00000088     netctrl_min_ipv4.aem4f : netsrv.oem4f (.text:ServiceSpawn)
                  0000b8b4    00000088     stk.aem4f : sockpcb.oem4f (.text:SockPcbCtlError)
                  0000b93c    00000004     os.aem4f : task.oem4f (.text:TaskSetPri)
                  0000b940    00000088     sysbios.aem4f : BIOS.obj (.text:ti_sysbios_knl_Mailbox_post__E)
                  0000b9c8    00000087     httpget_pem4f.oem4f (.text:ti_ndk_config_Global_NetworkIPAddr)
                  0000ba4f    00000001     --HOLE-- [fill = 0]
                  0000ba50    00000086     nettool_ipv4.aem4f : dhcpsm.oem4f (.text:StateRequesting)
                  0000bad6    00000086     rtsv7M4_T_le_v4SPD16_eabi.lib : fd_cmp_t2.asm.obj (.text:__aeabi_cdcmple)
                  0000bb5c    00000086                                   : fd_cmp_t2.asm.obj (.text:__aeabi_cdrcmple)
                  0000bbe2    00000002     httpget_pem4f.oem4f (.text:ti_ndk_config_Global_NetworkOpen)
                  0000bbe4    00000084     nettool_ipv4.aem4f : config.oem4f (.text:CfgGetEntry)
                  0000bc68    00000084     drivers_tivaware.aem4f : EMACSnow.oem4f (.text:EMACSnow_processPhyInterrupt)
                  0000bcec    00000084     stk.aem4f : tcpprot.oem4f (.text:TcpPrAttach)
                  0000bd70    00000084     os.aem4f : mem.oem4f (.text:mmBulkFree)
                  0000bdf4    00000084              : mem.oem4f (.text:mmFree)
                  0000be78    00000084     sysbios.aem4f : BIOS.obj (.text:ti_sysbios_family_arm_m3_Hwi_postInit__I)
                  0000befc    00000082     nettool_ipv4.aem4f : dhcpsm.oem4f (.text:StateRenewRebind)
                  0000bf7e    00000002     httpget_pem4f.oem4f (.text:ti_sysbios_BIOS_nullFunc__I)
                  0000bf80    00000080     drivers_tivaware.aem4f : EMACSnow.oem4f (.text:EMACSnow_emacStop)
                  0000c000    00000080                            : EMACSnow.oem4f (.text:EMACSnow_processPendingTx)
                  0000c080    00000080     stk.aem4f : lli.oem4f (.text:LLINew)
                  0000c100    00000080     netctrl_min_ipv4.aem4f : netsrv.oem4f (.text:NS_BootTask)
                  0000c180    00000080     stk.aem4f : pbm.oem4f (.text:PBM_alloc)
                  0000c200    00000080               : raw.oem4f (.text:RawOutput)
                  0000c280    0000007e               : fileuser.oem4f (.text:fdClose)
                  0000c2fe    00000002     httpget_pem4f.oem4f (.text:xdc_runtime_Startup_reset__I)
                  0000c300    0000007c     nettool_ipv4.aem4f : config.oem4f (.text:CfgGetNextEntry)
                  0000c37c    0000007c     drivers_tivaware.aem4f : EMACSnow.oem4f (.text:EMACSnow_hwiIntFxn)
                  0000c3f8    0000007c     stk.aem4f : igmp.oem4f (.text:IGMPDoMCast)
                  0000c474    0000007c               : igmp.oem4f (.text:IGMPJoin)
                  0000c4f0    0000007c               : socket.oem4f (.text:NDK_setsockopt)
                  0000c56c    0000007c               : nimu.oem4f (.text:NIMURegister)
                  0000c5e8    0000007c               : pbm.oem4f (.text:PBM_free)
                  0000c664    0000007c     nettool_ipv4.aem4f : inetaddr.oem4f (.text:inet_pton)
                  0000c6e0    0000007c     sysbios.aem4f : BIOS.obj (.text:ti_sysbios_heaps_HeapMem_free__E)
                  0000c75c    0000007a     driverlib.lib : adc.obj (.text:ADCSequenceStepConfigure)
                  0000c7d6    0000007a     rtsv7M4_T_le_v4SPD16_eabi.lib : memset_t2.asm.obj (.text)
                  0000c850    00000078     driverlib.lib : emac.obj (.text:EMACInit)
                  0000c8c8    00000078     stk.aem4f : socket.oem4f (.text:NDK_sendto)
                  0000c940    00000078               : tcptime.oem4f (.text:TcpXmitTimer)
                  0000c9b8    00000078               : fileuser.oem4f (.text:fdOpenSession)
                  0000ca30    00000078     os.aem4f : task.oem4f (.text:llExit)
                  0000caa8    00000076     stk.aem4f : pipe.oem4f (.text:PipeSend)
                  0000cb1e    00000002     --HOLE-- [fill = 0]
                  0000cb20    00000075               : tcptime.oem4f (.text:TcpTimeoutSackRexmt)
                  0000cb95    00000003     --HOLE-- [fill = 0]
                  0000cb98    00000074               : igmp.oem4f (.text:IGMPLeaveHostGroup)
                  0000cc0c    00000074               : nimu.oem4f (.text:NIMUShutdown)
                  0000cc80    00000074               : raweth.oem4f (.text:RawEthRxPacket)
                  0000ccf4    00000074               : sockpcb.oem4f (.text:SockPcbConnect)
                  0000cd68    00000074     sysbios.aem4f : BIOS.obj (.text:ti_sysbios_knl_Mailbox_pend__E)
                  0000cddc    00000072     os.aem4f : semaphore.oem4f (.text:SemCreateBinary)
                  0000ce4e    00000070     stk.aem4f : socket.oem4f (.text:NDK_send)
                  0000cebe    00000002     --HOLE-- [fill = 0]
                  0000cec0    00000070               : rtable.oem4f (.text:RtFlush)
                  0000cf30    00000070     netctrl_min_ipv4.aem4f : netsrv.oem4f (.text:SPConfig)
                  0000cfa0    00000070     stk.aem4f : sock.oem4f (.text:SockShutdown)
                  0000d010    00000070     nettool_ipv4.aem4f : dhcptags.oem4f (.text:dhcpDecodeType)
                  0000d080    00000070     sysbios.aem4f : BIOS.obj (.text:ti_sysbios_knl_Clock_workFunc__E)
                  0000d0f0    0000006e     stk.aem4f : socket.oem4f (.text:NDK_recv)
                  0000d15e    00000002     --HOLE-- [fill = 0]
                  0000d160    0000006e               : rtable.oem4f (.text:RtWalkNext)
                  0000d1ce    0000006e               : sockpcb.oem4f (.text:SockPcbFindRaw)
                  0000d23c    0000006e     rtsv7M4_T_le_v4SPD16_eabi.lib : _printfi.c.obj (.text:_mcpy)
                  0000d2aa    00000002     --HOLE-- [fill = 0]
                  0000d2ac    0000006d     stk.aem4f : node.oem4f (.text:NodeNew)
                  0000d319    00000003     --HOLE-- [fill = 0]
                  0000d31c    0000006d     ti.targets.arm.rtsarm.aem4f : System.oem4f (.text:xdc_runtime_System_formatNum__I)
                  0000d389    00000003     --HOLE-- [fill = 0]
                  0000d38c    0000006c     os.aem4f : ossys.oem4f (.text:DbgPrintf)
                  0000d3f8    0000006c     stk.aem4f : node.oem4f (.text:NodeTreeNew)
                  0000d464    0000006c               : raweth.oem4f (.text:RawEthTxPacket)
                  0000d4d0    0000006c               : udp.oem4f (.text:UdpChecksum)
                  0000d53c    0000006c     httpget_pem4f.oem4f (.text:ti_ndk_config_ip_init)
                  0000d5a8    0000006c     sysbios.aem4f : BIOS.obj (.text:ti_sysbios_knl_Swi_restoreHwi__E)
                  0000d614    0000006c     ti.targets.arm.rtsarm.aem4f : Error.oem4f (.text:xdc_runtime_Error_print__E)
                  0000d680    0000006c                                 : Memory.oem4f (.text:xdc_runtime_Memory_alloc__E)
                  0000d6ec    0000006a     stk.aem4f : tcpprot.oem4f (.text:TcpPrInherit)
                  0000d756    00000068               : socket.oem4f (.text:NDK_socket)
                  0000d7be    00000002     --HOLE-- [fill = 0]
                  0000d7c0    00000068               : pbm.oem4f (.text:PBM_open)
                  0000d828    00000068               : rtable.oem4f (.text:_RtNodeInsert)
                  0000d890    00000068     rtsv7M4_T_le_v4SPD16_eabi.lib : copy_decompress_lzss.c.obj (.text:decompress:lzss:__TI_decompress_lzss)
                  0000d8f8    00000066     ti.targets.arm.rtsarm.aem4f : Core-mem.oem4f (.text:xdc_runtime_Core_deleteObject__I)
                  0000d95e    00000002     --HOLE-- [fill = 0]
                  0000d960    00000064     nettool_ipv4.aem4f : config.oem4f (.text:CfgFree)
                  0000d9c4    00000064     drivers_tivaware.aem4f : GPIOTiva.oem4f (.text:GPIO_hwiIntFxn)
                  0000da28    00000064     stk.aem4f : pbm.oem4f (.text:PBMQ_enq)
                  0000da8c    00000064               : sockint.oem4f (.text:SockSpawnAbort)
                  0000daf0    00000064     rtsv7M4_T_le_v4SPD16_eabi.lib : s_frexp.c.obj (.text:frexp)
                  0000db54    00000064     main.obj (.text:initialize_ADC)
                  0000dbb8    00000064     hal_timer_bios.aem4f : lltimer.oem4f (.text:llTimerTick)
                  0000dc1c    00000064     httpget_pem4f.oem4f (.text:ti_sysbios_family_arm_m3_Hwi_create)
                  0000dc80    00000064     sysbios.aem4f : BIOS.obj (.text:ti_sysbios_family_arm_m3_Hwi_dispatchC__I)
                  0000dce4    00000004     hal_ser_stub.aem4f : llserstb.oem4f (.text:_llSerialInit)
                  0000dce8    00000064     sysbios.aem4f : BIOS.obj (.text:ti_sysbios_knl_Semaphore_post__E)
                  0000dd4c    00000064     stk.aem4f : lliin.oem4f (.text:updateRtTable)
                  0000ddb0    00000062               : ipin.oem4f (.text:IPRouteIP)
                  0000de12    00000002     --HOLE-- [fill = 0]
                  0000de14    00000062               : sb.oem4f (.text:SBNew)
                  0000de76    00000002     --HOLE-- [fill = 0]
                  0000de78    00000060     nettool_ipv4.aem4f : config.oem4f (.text:CfgGetEntryCnt)
                  0000ded8    00000060     stk.aem4f : file.oem4f (.text:FdWaitEvent)
                  0000df38    00000060               : nimu.oem4f (.text:NIMUUnregister)
                  0000df98    00000060               : node.oem4f (.text:NodeFind)
                  0000dff8    00000060               : rtc.oem4f (.text:RTCMsg)
                  0000e058    00000060               : tcp.oem4f (.text:TcpChecksum)
                  0000e0b8    00000060     nettool_ipv4.aem4f : dhcptags.oem4f (.text:dhcpBuildOptions)
                  0000e118    00000060     httpget_pem4f.oem4f (.text:ti_ndk_config_Global_serviceReport)
                  0000e178    0000005e     stk.aem4f : route.oem4f (.text:RtRemove)
                  0000e1d6    0000005e     nettool_ipv4.aem4f : dhcpsm.oem4f (.text:StateSelecting)
                  0000e234    0000005e     stk.aem4f : vlan.oem4f (.text:VLANReceivePacket)
                  0000e292    00000002     --HOLE-- [fill = 0]
                  0000e294    0000005c     nettool_ipv4.aem4f : config.oem4f (.text:CfgSetExecuteOrder)
                  0000e2f0    0000005c     stk.aem4f : nimu.oem4f (.text:NIMUIoctlSpecialCmd)
                  0000e34c    0000005c     netctrl_min_ipv4.aem4f : netsrv.oem4f (.text:SPService)
                  0000e3a8    0000005c     httpget_pem4f.oem4f (.text:ti_sysbios_knl_Swi_create)
                  0000e404    00000004     rtsv7M4_T_le_v4SPD16_eabi.lib : exit.c.obj (.text:abort:abort)
                  0000e408    0000005c     sysbios.aem4f : BIOS.obj (.text:ti_sysbios_knl_Swi_run__I)
                  0000e464    00000004     stk.aem4f : listlib.oem4f (.text:list_get_head)
                  0000e468    0000005c     sysbios.aem4f : BIOS.obj (.text:ti_sysbios_knl_Swi_schedule__I)
                  0000e4c4    0000005c     httpget_pem4f.oem4f (.text:ti_sysbios_knl_Task_create)
                  0000e520    0000005c     sysbios.aem4f : BIOS.obj (.text:ti_sysbios_knl_Task_unblockI__E)
                  0000e57c    0000005b     ti.targets.arm.rtsarm.aem4f : Text.oem4f (.text:xdc_runtime_Text_putLab__E)
                  0000e5d7    00000001     --HOLE-- [fill = 0]
                  0000e5d8    0000005a     stk.aem4f : route.oem4f (.text:RtRedirect)
                  0000e632    0000005a               : tcpprot.oem4f (.text:TcpValidateMetrics)
                  0000e68c    0000005a     nettool_ipv4.aem4f : dhcpbild.oem4f (.text:dhcpBuildDecline)
                  0000e6e6    0000005a     os.aem4f : mem.oem4f (.text:mmCopy)
                  0000e740    0000005a     httpget_pem4f.oem4f (.text:ti_ndk_config_tcp_init)
                  0000e79a    00000002     --HOLE-- [fill = 0]
                  0000e79c    00000058     stk.aem4f : bind.oem4f (.text:BindFree)
                  0000e7f4    00000058     boot.aem4f : boot.oem4f (.text)
                  0000e84c    00000058     driverlib.lib : emac.obj (.text:EMACPHYConfigSet)
                  0000e8a4    00000058     rtsv7M4_T_le_v4SPD16_eabi.lib : hostwrite.c.obj (.text:HOSTwrite)
                  0000e8fc    00000058     stk.aem4f : igmp.oem4f (.text:IGMPTimer)
                  0000e954    00000058     os.aem4f : semaphore.oem4f (.text:SemCreate)
                  0000e9ac    00000058     sysbios.aem4f : m3_Hwi_asm_switch.obj (.text:ti_sysbios_family_arm_m3_Hwi_initStacks__E)
                  0000ea04    00000056     driverlib.lib : gpio.obj (.text:GPIOIntTypeSet)
                  0000ea5a    00000056     rtsv7M4_T_le_v4SPD16_eabi.lib : _printfi.c.obj (.text:_pconv_f)
                  0000eab0    00000054     nettool_ipv4.aem4f : config.oem4f (.text:CfgEntryDeRef)
                  0000eb04    00000054     stk.aem4f : igmp.oem4f (.text:IGMPLeave)
                  0000eb58    00000054               : rawethsock_pcb.oem4f (.text:RawEthSockPcbAttach)
                  0000ebac    00000054               : sockpcb.oem4f (.text:SockCleanPcb)
                  0000ec00    00000054               : tcptime.oem4f (.text:TcpTimeoutPersist)
                  0000ec54    00000054     rtsv7M4_T_le_v4SPD16_eabi.lib : _ltoa.c.obj (.text:__TI_ltoa)
                  0000eca8    00000054     sysbios.aem4f : BIOS.obj (.text:ti_sysbios_family_arm_lm4_Timer_initDevice__I)
                  0000ecfc    00000004     stk.aem4f : listlib.oem4f (.text:list_get_next)
                  0000ed00    00000054     sysbios.aem4f : BIOS.obj (.text:ti_sysbios_knl_Swi_Instance_init__E)
                  0000ed54    00000054     ti.targets.arm.rtsarm.aem4f : Assert.oem4f (.text:xdc_runtime_Assert_raise__I)
                  0000eda8    00000052     stk.aem4f : tcpprot.oem4f (.text:TcpPrDetach)
                  0000edfa    00000052     rtsv7M4_T_le_v4SPD16_eabi.lib : _printfi.c.obj (.text:_ecpy)
                  0000ee4c    00000050     drivers_tivaware.aem4f : GPIOTiva.oem4f (.text:GPIO_setCallback)
                  0000ee9c    00000050                            : GPIOTiva.oem4f (.text:GPIO_write)
                  0000eeec    00000050     stk.aem4f : socket.oem4f (.text:NDK_bind)
                  0000ef3c    00000050               : socket.oem4f (.text:NDK_connect)
                  0000ef8c    00000050               : route.oem4f (.text:RtNew)
                  0000efdc    00000050     driverlib.lib : sysctl.obj (.text:SysCtlPeripheralReset)
                  0000f02c    00000050     Boot.aem4f : Boot_sysctl.oem4f (.text:_SysCtlFrequencyGet)
                  0000f07c    00000004     httpget_pem4f.oem4f (.text:ti_sysbios_BIOS_RtsGateProxy_enter__E)
                  0000f080    00000050     sysbios.aem4f : BIOS.obj (.text:ti_sysbios_family_arm_m3_Hwi_Module_startup__E)
                  0000f0d0    00000050     ti.targets.arm.rtsarm.aem4f : Startup.oem4f (.text:xdc_runtime_Startup_exec__E)
                  0000f120    00000050                                 : Text.oem4f (.text:xdc_runtime_Text_visitRope2__I)
                  0000f170    0000004e     stk.aem4f : node.oem4f (.text:NodeDeRef)
                  0000f1be    0000004e     nettool_ipv4.aem4f : config.oem4f (.text:_CfgEntryScan)
                  0000f20c    0000004c     main.obj (.text:ADCSwi)
                  0000f258    0000004c     nettool_ipv4.aem4f : ipaddr.oem4f (.text:NtAddNetwork)
                  0000f2a4    0000004c     stk.aem4f : sockint.oem4f (.text:SockValidateRoute)
                  0000f2f0    0000004c     rtsv7M4_T_le_v4SPD16_eabi.lib : atoi.c.obj (.text:atoi)
                  0000f33c    0000004c                                   : cpy_tbl.c.obj (.text:copy_in)
                  0000f388    0000004c     sysbios.aem4f : BIOS.obj (.text:ti_sysbios_heaps_HeapMem_getStats__E)
                  0000f3d4    00000004     httpget_pem4f.oem4f (.text:ti_sysbios_BIOS_RtsGateProxy_leave__E)
                  0000f3d8    0000004c     sysbios.aem4f : BIOS.obj (.text:ti_sysbios_knl_Swi_runLoop__I)
                  0000f424    00000004                   : BIOS.obj (.text:ti_sysbios_family_arm_lm4_Timer_masterEnable__I)
                  0000f428    0000004c                   : BIOS.obj (.text:ti_sysbios_knl_Task_allBlockedFunction__I)
                  0000f474    0000004a     netctrl_min_ipv4.aem4f : netsrv.oem4f (.text:ServiceKill)
                  0000f4be    0000004a     stk.aem4f : sock.oem4f (.text:SockDisconnect)
                  0000f508    0000004a               : timer.oem4f (.text:TimerNew)
                  0000f552    00000048     nettool_ipv4.aem4f : config.oem4f (.text:CfgNew)
                  0000f59a    00000002     --HOLE-- [fill = 0]
                  0000f59c    00000048     driverlib.lib : gpio.obj (.text:GPIOPinConfigure)
                  0000f5e4    00000048     stk.aem4f : lli.oem4f (.text:LLIMsg)
                  0000f62c    00000048               : node.oem4f (.text:NodeWalk)
                  0000f674    00000048               : rawethsock_pcb.oem4f (.text:RawEthSockPcbDetach)
                  0000f6bc    00000048               : sockpcb.oem4f (.text:SockPcbResolveChain)
                  0000f704    00000048               : tcpprot.oem4f (.text:TcpDrop)
                  0000f74c    00000048               : lli.oem4f (.text:_LLIExpListInsert)
                  0000f794    00000048               : rtable.oem4f (.text:_RtExpListInsert)
                  0000f7dc    00000048               : file.oem4f (.text:fdint_lockfd)
                  0000f824    00000048     rtsv7M4_T_le_v4SPD16_eabi.lib : fd_toi_t2.asm.obj (.text)
                  0000f86c    00000004     httpget_pem4f.oem4f (.text:ti_sysbios_family_arm_m3_Hwi_delete)
                  0000f870    00000048     sysbios.aem4f : BIOS.obj (.text:ti_sysbios_family_arm_lm4_Timer_enableTimers__I)
                  0000f8b8    00000048                   : BIOS.obj (.text:ti_sysbios_family_arm_m3_Hwi_disableInterrupt__E)
                  0000f900    00000048                   : BIOS.obj (.text:ti_sysbios_family_arm_m3_Hwi_enableInterrupt__E)
                  0000f948    00000048                   : BIOS.obj (.text:ti_sysbios_family_arm_m3_Hwi_excReserved__I)
                  0000f990    00000048                   : BIOS.obj (.text:ti_sysbios_knl_Mailbox_Module_startup__E)
                  0000f9d8    00000048                   : BIOS.obj (.text:ti_sysbios_knl_Task_deleteTerminatedTasksFunc__I)
                  0000fa20    00000046     nettool_ipv4.aem4f : ipaddr.oem4f (.text:NtIfIdx2Ip)
                  0000fa66    00000046     stk.aem4f : rawethsock.oem4f (.text:RawEthSockSend)
                  0000faac    00000046               : tcpprot.oem4f (.text:TcpPrCtlError)
                  0000faf2    00000046     os.aem4f : mem.oem4f (.text:mmZeroInit)
                  0000fb38    00000046     ti.targets.arm.rtsarm.aem4f : Core-params.oem4f (.text:xdc_runtime_Core_assignParams__I)
                  0000fb7e    00000002     --HOLE-- [fill = 0]
                  0000fb80    00000044     drivers_tivaware.aem4f : EMACSnow.oem4f (.text:EMACSnow_processTransmitted)
                  0000fbc4    00000044     stk.aem4f : icmp.oem4f (.text:ICMPChecksum)
                  0000fc08    00000044               : ipfrag.oem4f (.text:IPReasmFree)
                  0000fc4c    00000044               : lli.oem4f (.text:LLIGetValidTime)
                  0000fc90    00000044               : rtable.oem4f (.text:RouteMsg)
                  0000fcd4    00000044               : rtable.oem4f (.text:RtWalkEnd)
                  0000fd18    00000044               : sockpcb.oem4f (.text:SockPcbDetach)
                  0000fd5c    00000044               : timer.oem4f (.text:TimerListInsert)
                  0000fda0    00000044     hal_timer_bios.aem4f : lltimer.oem4f (.text:llTimerGetTime)
                  0000fde4    00000004     httpget_pem4f.oem4f (.text:ti_sysbios_family_arm_m3_TaskSupport_Module__startupDone__S)
                  0000fde8    00000044     sysbios.aem4f : BIOS.obj (.text:ti_sysbios_family_arm_lm4_Timer_isrStub__E)
                  0000fe2c    00000004     httpget_pem4f.oem4f (.text:ti_sysbios_heaps_HeapMem_Module_GateProxy_enter__E)
                  0000fe30    00000044     sysbios.aem4f : BIOS.obj (.text:ti_sysbios_family_arm_m3_Hwi_getStackInfo__E)
                  0000fe74    00000004     httpget_pem4f.oem4f (.text:ti_sysbios_heaps_HeapMem_Module_GateProxy_leave__E)
                  0000fe78    00000044     sysbios.aem4f : BIOS.obj (.text:ti_sysbios_knl_Swi_post__E)
                  0000febc    00000044     ti.targets.arm.rtsarm.aem4f : Error.oem4f (.text:xdc_runtime_Error_setX__E)
                  0000ff00    00000044                                 : SysMin.oem4f (.text:xdc_runtime_SysMin_flush__E)
                  0000ff44    00000044                                 : Text.oem4f (.text:xdc_runtime_Text_xprintf__I)
                  0000ff88    00000042     stk.aem4f : tcpprot.oem4f (.text:TcpPrSendOOB)
                  0000ffca    00000042               : fileuser.oem4f (.text:fdCloseSession)
                  0001000c    00000040               : lliin.oem4f (.text:LLIValidateRoute)
                  0001004c    00000040               : pbm.oem4f (.text:PBM_copy)
                  0001008c    00000040               : sockpcb.oem4f (.text:SockPcbRtChange)
                  000100cc    00000040               : tcpprot.oem4f (.text:TcpPrSend)
                  0001010c    00000040     rtsv7M4_T_le_v4SPD16_eabi.lib : u_divt2.asm.obj (.text)
                  0001014c    00000040                                   : sprintf.c.obj (.text:sprintf)
                  0001018c    00000004     httpget_pem4f.oem4f (.text:ti_sysbios_knl_Clock_TimerProxy_getMaxTicks__E)
                  00010190    00000040     sysbios.aem4f : BIOS.obj (.text:ti_sysbios_family_arm_lm4_Timer_Module_startup__E)
                  000101d0    00000040                   : BIOS.obj (.text:ti_sysbios_family_arm_lm4_Timer_startup__E)
                  00010210    00000040                   : BIOS.obj (.text:ti_sysbios_heaps_HeapMem_Instance_init__E)
                  00010250    0000003e     driverlib.lib : adc.obj (.text:ADCSequenceConfigure)
                  0001028e    0000003e     nettool_ipv4.aem4f : dhcpmain.oem4f (.text:DHCPClose)
                  000102cc    0000003e     stk.aem4f : nimu.oem4f (.text:NIMUAllocateName)
                  0001030a    0000003e     os.aem4f : task.oem4f (.text:TaskCreate)
                  00010348    0000003e     stk.aem4f : tcpprot.oem4f (.text:TcpPrDisconnect)
                  00010386    0000003e     rtsv7M4_T_le_v4SPD16_eabi.lib : _printfi.c.obj (.text:_fcpy)
                  000103c4    0000003e     stk.aem4f : file.oem4f (.text:fdint_unlockfd)
                  00010402    0000003c     nettool_ipv4.aem4f : config.oem4f (.text:CfgEntryGetData)
                  0001043e    0000003c     driverlib.lib : emac.obj (.text:EMACIntDisable)
                  0001047a    0000003c     stk.aem4f : node.oem4f (.text:NodeUpdatePL)
                  000104b6    00000002     --HOLE-- [fill = 0]
                  000104b8    0000003c               : rtable.oem4f (.text:RtWalkBegin)
                  000104f4    0000003c               : tcpprot.oem4f (.text:TcpPrConnect)
                  00010530    0000003c               : tcptime.oem4f (.text:TcpSetPersist)
                  0001056c    0000003c               : rtc.oem4f (.text:_RTCSendRtAdv)
                  000105a8    0000003c               : rtable.oem4f (.text:_RtNodeRemove)
                  000105e4    0000003c     hal_timer_bios.aem4f : lltimer.oem4f (.text:_llTimerInit)
                  00010620    0000003c     sysbios.aem4f : BIOS.obj (.text:ti_sysbios_family_arm_m3_Hwi_excSvCall__I)
                  0001065c    00000004     httpget_pem4f.oem4f (.text:ti_sysbios_knl_Queue_destruct)
                  00010660    0000003c     sysbios.aem4f : BIOS.obj (.text:ti_sysbios_heaps_HeapMem_init__I)
                  0001069c    00000004     httpget_pem4f.oem4f (.text:ti_sysbios_knl_Semaphore_delete)
                  000106a0    0000003c     sysbios.aem4f : BIOS.obj (.text:ti_sysbios_knl_Clock_Instance_init__E)
                  000106dc    00000004     httpget_pem4f.oem4f (.text:ti_sysbios_knl_Semaphore_destruct)
                  000106e0    0000003c     sysbios.aem4f : BIOS.obj (.text:ti_sysbios_knl_Swi_restore__E)
                  0001071c    0000003a     driverlib.lib : emac.obj (.text:EMACIntEnable)
                  00010756    00000002     --HOLE-- [fill = 0]
                  00010758    00000038                   : emac.obj (.text:EMACConfigGet)
                  00010790    00000038     stk.aem4f : ipfrag.oem4f (.text:IPReasmTimeout)
                  000107c8    00000038               : node.oem4f (.text:NodeGetRt)
                  00010800    00000038     driverlib.lib : sysctl.obj (.text:SysCtlPeripheralReady)
                  00010838    00000038     stk.aem4f : tcpprot.oem4f (.text:TcpClose)
                  00010870    00000038               : timer.oem4f (.text:TimerHSTick)
                  000108a8    00000038     rtsv7M4_T_le_v4SPD16_eabi.lib : trgmsg.c.obj (.text:__TI_writemsg)
                  000108e0    00000038     main.obj (.text:createTasks)
                  00010918    00000038     nettool_ipv4.aem4f : dhcpbild.oem4f (.text:dhcpBuildDiscover)
                  00010950    00000038                        : dhcptags.oem4f (.text:dhcpOptionsClear)
                  00010988    00000038     stk.aem4f : file.oem4f (.text:fdint_waitevent)
                  000109c0    00000038     sysbios.aem4f : BIOS.obj (.text:ti_sysbios_family_arm_m3_Hwi_excNoIsr__I)
                  000109f8    00000038     httpget_pem4f.oem4f (.text:ti_sysbios_knl_Clock_create)
                  00010a30    00000038     ti.targets.arm.rtsarm.aem4f : SysMin.oem4f (.text:xdc_runtime_SysMin_putch__E)
                  00010a68    00000038                                 : System.oem4f (.text:xdc_runtime_System_atexit__E)
                  00010aa0    00000036     stk.aem4f : ip.oem4f (.text:IPChecksum)
                  00010ad6    00000002     --HOLE-- [fill = 0]
                  00010ad8    00000034     nettool_ipv4.aem4f : config.oem4f (.text:CfgSetService)
                  00010b0c    00000034     driverlib.lib : emac.obj (.text:EMACConfigSet)
                  00010b40    00000034                   : emac.obj (.text:EMACIntClear)
                  00010b74    00000034     drivers_tivaware.aem4f : EMACSnow.oem4f (.text:EMACSnow_emacPoll)
                  00010ba8    00000034                            : EMACSnow.oem4f (.text:EMACSnow_isLinkUp)
                  00010bdc    00000034                            : EMAC.oem4f (.text:EMAC_init)
                  00010c10    00000034     stk.aem4f : exec.oem4f (.text:ExecClose)
                  00010c44    00000034               : nimu.oem4f (.text:NIMUFindByName)
                  00010c78    00000034               : nimu.oem4f (.text:NIMUInit)
                  00010cac    00000034               : rawethsock.oem4f (.text:RawEthSockNotify)
                  00010ce0    00000034               : sockprot.oem4f (.text:SockPrCtlError)
                  00010d14    00000034     driverlib.lib : sysctl.obj (.text:SysCtlPeripheralEnable)
                  00010d48    00000034     rtsv7M4_T_le_v4SPD16_eabi.lib : trgmsg.c.obj (.text:__TI_readmsg)
                  00010d7c    00000034     os.aem4f : mem.oem4f (.text:mmUnInitPage)
                  00010db0    00000034     sysbios.aem4f : BIOS.obj (.text:ti_sysbios_family_arm_m3_Hwi_Instance_finalize__E)
                  00010de4    00000004     httpget_pem4f.oem4f (.text:ti_sysbios_knl_Swi_delete)
                  00010de8    00000034     sysbios.aem4f : BIOS.obj (.text:ti_sysbios_family_arm_m3_Hwi_excNmi__I)
                  00010e1c    00000004     httpget_pem4f.oem4f (.text:ti_sysbios_knl_Task_delete)
                  00010e20    00000034     sysbios.aem4f : BIOS.obj (.text:ti_sysbios_hal_Hwi_checkStack)
                  00010e54    00000034     httpget_pem4f.oem4f (.text:ti_sysbios_knl_Semaphore_create)
                  00010e88    00000034     ti.targets.arm.rtsarm.aem4f : Core-label.oem4f (.text:xdc_runtime_Core_assignLabel__I)
                  00010ebc    00000033                                 : Text.oem4f (.text:xdc_runtime_Text_printVisFxn__I)
                  00010eef    00000001     --HOLE-- [fill = 0]
                  00010ef0    00000032     nettool_ipv4.aem4f : config.oem4f (.text:CfgGetImmediate)
                  00010f22    00000032     stk.aem4f : route.oem4f (.text:RtDeRef)
                  00010f54    00000032               : route.oem4f (.text:RtSetFailure)
                  00010f86    00000032               : sb.oem4f (.text:SBFlush)
                  00010fb8    00000032               : sb.oem4f (.text:SBSetMax)
                  00010fea    00000032               : sock.oem4f (.text:SockIntAbort)
                  0001101c    00000032     nettool_ipv4.aem4f : config.oem4f (.text:_CfgAcquire)
                  0001104e    00000032                        : dhcpsm.oem4f (.text:dhcpIPRemove)
                  00011080    00000032     sysbios.aem4f : BIOS.obj (.text:ti_sysbios_hal_Hwi_initStack)
                  000110b2    00000006     driverlib.lib : emac.obj (.text:EMACRxDMADescriptorListSet)
                  000110b8    00000032     sysbios.aem4f : BIOS.obj (.text:ti_sysbios_knl_Semaphore_pendTimeout__I)
                  000110ea    00000030     driverlib.lib : emac.obj (.text:EMACAddrSet)
                  0001111a    00000002     --HOLE-- [fill = 0]
                  0001111c    00000030     drivers_tivaware.aem4f : EMACSnow.oem4f (.text:EMACSnow_handlePackets)
                  0001114c    00000030     netctrl_min_ipv4.aem4f : netsrv.oem4f (.text:NS_PreBoot)
                  0001117c    00000030     stk.aem4f : sock.oem4f (.text:SockBind)
                  000111ac    00000030     nettool_ipv4.aem4f : dhcpsock.oem4f (.text:dhcpPacketSend)
                  000111dc    00000030     stk.aem4f : listlib.oem4f (.text:list_remove_node)
                  0001120c    00000030     httpget_pem4f.oem4f (.text:ti_sysbios_BIOS_atExitFunc__I)
                  0001123c    00000004     ti.targets.arm.rtsarm.aem4f : Error.oem4f (.text:xdc_runtime_Error_getMsg__E)
                  00011240    00000030     sysbios.aem4f : BIOS.obj (.text:ti_sysbios_family_arm_lm4_Timer_stop__E)
                  00011270    00000030                   : BIOS.obj (.text:ti_sysbios_family_arm_m3_TaskSupport_start__E)
                  000112a0    00000030     httpget_pem4f.oem4f (.text:ti_sysbios_gates_GateHwi_Object__create__S)
                  000112d0    00000030     httpget_pem4f.oem4f (.text:ti_sysbios_gates_GateMutex_Object__create__S)
                  00011300    00000030     sysbios.aem4f : BIOS.obj (.text:ti_sysbios_gates_GateMutex_enter__E)
                  00011330    00000030     httpget_pem4f.oem4f (.text:ti_sysbios_heaps_HeapMem_Object__create__S)
                  00011360    00000030     sysbios.aem4f : BIOS.obj (.text:ti_sysbios_knl_Mailbox_postInit__I)
                  00011390    00000030     httpget_pem4f.oem4f (.text:ti_sysbios_knl_Semaphore_construct)
                  000113c0    00000030     sysbios.aem4f : BIOS.obj (.text:ti_sysbios_knl_Task_processVitalTaskFlag__I)
                  000113f0    00000030     ti.targets.arm.rtsarm.aem4f : SysMin.oem4f (.text:xdc_runtime_SysMin_abort__E)
                  00011420    00000030                                 : System.oem4f (.text:xdc_runtime_System_processAtExit__E)
                  00011450    0000002e     driverlib.lib : adc.obj (.text:ADCIntStatus)
                  0001147e    0000002e     stk.aem4f : sb.oem4f (.text:SBFree)
                  000114ac    0000002e     rtsv7M4_T_le_v4SPD16_eabi.lib : i_tofd_t2.asm.obj (.text)
                  000114da    0000002c     driverlib.lib : emac.obj (.text:EMACIntStatus)
                  00011506    0000002c     stk.aem4f : file.oem4f (.text:FdSignalEvent)
                  00011532    00000002     --HOLE-- [fill = 0]
                  00011534    0000002c               : igmp.oem4f (.text:IGMPTestGroup)
                  00011560    0000002c     os.aem4f : task.oem4f (.text:NDK_hookCreate)
                  0001158c    0000002c     stk.aem4f : nimu.oem4f (.text:NIMUAllocateIndex)
                  000115b8    0000002c               : nimu.oem4f (.text:NIMUPacketServiceCheck)
                  000115e4    0000002c               : pipe.oem4f (.text:PipeClose)
                  00011610    0000002c               : sockpcb.oem4f (.text:SockPcbAttach)
                  0001163c    0000002c               : lli.oem4f (.text:_LLIExpListRemove)
                  00011668    0000002c               : lli.oem4f (.text:_LLITimeoutFlush)
                  00011694    0000002c               : rtable.oem4f (.text:_RtExpListRemove)
                  000116c0    0000002c     httpget_pem4f.oem4f (.text:ti_sysbios_knl_Clock_doTick__I)
                  000116ec    0000002c     httpget_pem4f.oem4f (.text:ti_sysbios_knl_Queue_construct)
                  00011718    0000002c     sysbios.aem4f : BIOS.obj (.text:ti_sysbios_knl_Task_restore__E)
                  00011744    0000002c     ti.targets.arm.rtsarm.aem4f : Text.oem4f (.text:xdc_runtime_Text_cordText__E)
                  00011770    0000002a     driverlib.lib : gpio.obj (.text:GPIODirModeSet)
                  0001179a    0000002a     stk.aem4f : pbm.oem4f (.text:PBMQ_deq)
                  000117c4    0000002a     netctrl_min_ipv4.aem4f : netsrv.oem4f (.text:ServiceCallback)
                  000117ee    0000002a     nettool_ipv4.aem4f : config.oem4f (.text:_CfgRelease)
                  00011818    0000002a     ti.targets.arm.rtsarm.aem4f : System.oem4f (.text:xdc_runtime_System_putchar__I)
                  00011842    00000002     --HOLE-- [fill = 0]
                  00011844    00000028     stk.aem4f : bind.oem4f (.text:BindFindByNet)
                  0001186c    00000028               : lli.oem4f (.text:LLIFree)
                  00011894    00000028     netctrl_min_ipv4.aem4f : netctrl.oem4f (.text:NC_SystemClose)
                  000118bc    00000028     stk.aem4f : nimu.oem4f (.text:NIMUCreatePacket)
                  000118e4    00000028               : nimu.oem4f (.text:NIMUPacketService)
                  0001190c    00000028               : tcpin.oem4f (.text:TcpEnterTimeWait)
                  00011934    00000028               : timer.oem4f (.text:TimerListRemove)
                  0001195c    00000028               : vlan.oem4f (.text:VLANFindSourceInterface)
                  00011984    00000028               : vlan.oem4f (.text:VLANInit)
                  000119ac    00000028     nettool_ipv4.aem4f : dhcpsock.oem4f (.text:dhcpPacketReceive)
                  000119d4    00000028     drivers_tivaware.aem4f : EMACSnow.oem4f (.text:signalLinkChange)
                  000119fc    00000004     ti.targets.arm.rtsarm.aem4f : Error.oem4f (.text:xdc_runtime_Error_getSite__E)
                  00011a00    00000028     sysbios.aem4f : BIOS.obj (.text:ti_sysbios_knl_Clock_addI__E)
                  00011a28    00000028                   : BIOS.obj (.text:ti_sysbios_knl_Swi_Module_startup__E)
                  00011a50    00000026     nettool_ipv4.aem4f : config.oem4f (.text:CfgEntryInfo)
                  00011a76    00000026     driverlib.lib : emac.obj (.text:EMACPHYRead)
                  00011a9c    00000026                   : emac.obj (.text:EMACPHYWrite)
                  00011ac2    00000026     stk.aem4f : rawethsock.oem4f (.text:RawEthSockClose)
                  00011ae8    00000026     sysbios.aem4f : m3_Hwi_asm.obj (.text:ti_sysbios_family_arm_m3_Hwi_pendSV__I)
                  00011b0e    00000026     ti.targets.arm.rtsarm.aem4f : System.oem4f (.text:xdc_runtime_System_avprintf__E)
                  00011b34    00000024     stk.aem4f : bind.oem4f (.text:BindFindByHost)
                  00011b58    00000024               : bind.oem4f (.text:BindGetIFByDBCast)
                  00011b7c    00000024     drivers_tivaware.aem4f : EMACSnow.oem4f (.text:EMACSnow_pkt_service)
                  00011ba0    00000024                            : EMACSnow.oem4f (.text:EMACSnow_primeRx)
                  00011bc4    00000024     stk.aem4f : exec.oem4f (.text:ExecTimer)
                  00011be8    00000024               : nimu.oem4f (.text:NIMUFindByIndex)
                  00011c0c    00000024               : rtc.oem4f (.text:RTCAddHook)
                  00011c30    00000024               : rawethsock_pcb.oem4f (.text:RawEthSockPcbFind)
                  00011c54    00000024               : route.oem4f (.text:RtFree)
                  00011c78    00000024               : route.oem4f (.text:RtSetTimeout)
                  00011c9c    00000024               : sockpcb.oem4f (.text:SockPcbCleanup)
                  00011cc0    00000024               : tcptime.oem4f (.text:TcpTimeoutWait2)
                  00011ce4    00000024     nettool_ipv4.aem4f : config.oem4f (.text:_CfgEntryProcess)
                  00011d08    00000024     httpget_pem4f.oem4f (.text:ti_sysbios_BIOS_errorRaiseHook__I)
                  00011d2c    00000024     httpget_pem4f.oem4f (.text:ti_sysbios_BIOS_registerRTSLock__I)
                  00011d50    00000024     httpget_pem4f.oem4f (.text:ti_sysbios_BIOS_removeRTSLock__I)
                  00011d74    00000024     httpget_pem4f.oem4f (.text:ti_sysbios_BIOS_startFunc__I)
                  00011d98    00000024     httpget_pem4f.oem4f (.text:ti_sysbios_gates_GateMutex_Object__delete__S)
                  00011dbc    00000004     httpget_pem4f.oem4f (.text:xdc_runtime_System_Module_GateProxy_enter__E)
                  00011dc0    00000024     sysbios.aem4f : BIOS.obj (.text:ti_sysbios_knl_Clock_Module_startup__E)
                  00011de4    00000004     httpget_pem4f.oem4f (.text:xdc_runtime_System_Module_GateProxy_leave__E)
                  00011de8    00000024     sysbios.aem4f : BIOS.obj (.text:ti_sysbios_knl_Clock_start__E)
                  00011e0c    00000004     ti.targets.arm.rtsarm.aem4f : System.oem4f (.text:xdc_runtime_System_aprintf_va__F)
                  00011e10    00000024     sysbios.aem4f : BIOS.obj (.text:ti_sysbios_knl_Semaphore_Instance_init__E)
                  00011e34    00000024     httpget_pem4f.oem4f (.text:ti_sysbios_knl_Semaphore_Object__delete__S)
                  00011e58    00000024     sysbios.aem4f : BIOS.obj (.text:ti_sysbios_knl_Task_restoreHwi__E)
                  00011e7c    00000024     ti.targets.arm.rtsarm.aem4f : System.oem4f (.text:xdc_runtime_System_vprintf__E)
                  00011ea0    00000022     nettool_ipv4.aem4f : config.oem4f (.text:CfgEntryRef)
                  00011ec2    00000022     stk.aem4f : vlan.oem4f (.text:VLANFindNode)
                  00011ee4    00000004     ti.targets.arm.rtsarm.aem4f : System.oem4f (.text:xdc_runtime_System_printf_va__F)
                  00011ee8    00000022     sysbios.aem4f : BIOS.obj (.text:ti_sysbios_family_arm_lm4_Timer_write__I)
                  00011f0a    00000022     httpget_pem4f.oem4f (.text:xdc_runtime_SysMin_output__I)
                  00011f2c    00000020     netctrl_min_ipv4.aem4f : netctrl.oem4f (.text:NC_BootComplete)
                  00011f4c    00000020     stk.aem4f : nimu.oem4f (.text:NIMUGetNumOfObject)
                  00011f6c    00000020               : rtc.oem4f (.text:RTCRemoveHook)
                  00011f8c    00000020               : tcp.oem4f (.text:TcpTimeoutRemove)
                  00011fac    00000020     Boot.aem4f : Boot_sysctl.oem4f (.text:_SysCtlMemTimingGet)
                  00011fcc    00000020     httpget_pem4f.oem4f (.text:ti_sysbios_BIOS_rtsLock__I)
                  00011fec    00000004     --HOLE-- [fill = 0]
                  00011ff0    00000020     sysbios.aem4f : BIOS.obj (.text:ti_sysbios_family_arm_lm4_Timer_postInit__I)
                  00012010    00000020     httpget_pem4f.oem4f (.text:ti_sysbios_family_arm_m3_Hwi_Object__delete__S)
                  00012030    00000020     sysbios.aem4f : m3_Hwi_asm.obj (.text:ti_sysbios_family_arm_m3_Hwi_excHandlerAsm__I)
                  00012050    00000020                   : BIOS.obj (.text:ti_sysbios_family_arm_m3_Hwi_excHandler__I)
                  00012070    00000020     httpget_pem4f.oem4f (.text:ti_sysbios_gates_GateHwi_Object__delete__S)
                  00012090    00000020     httpget_pem4f.oem4f (.text:ti_sysbios_heaps_HeapMem_Object__delete__S)
                  000120b0    00000020     sysbios.aem4f : BIOS.obj (.text:ti_sysbios_knl_Idle_run__E)
                  000120d0    00000020     httpget_pem4f.oem4f (.text:ti_sysbios_knl_Semaphore_Object__destruct__S)
                  000120f0    00000020     httpget_pem4f.oem4f (.text:ti_sysbios_knl_Swi_Object__delete__S)
                  00012110    00000020     httpget_pem4f.oem4f (.text:ti_sysbios_knl_Task_Object__delete__S)
                  00012130    00000020     main.obj (.text:timerHWI)
                  00012150    00000020     ti.targets.arm.rtsarm.aem4f : Registry.oem4f (.text:xdc_runtime_Registry_findById__E)
                  00012170    00000020                                 : SysMin.oem4f (.text:xdc_runtime_SysMin_Module_startup__E)
                  00012190    0000001e     driverlib.lib : adc.obj (.text:ADCSequenceDataGet)
                  000121ae    0000001e     stk.aem4f : listlib.oem4f (.text:list_remove)
                  000121cc    0000001e     main.obj (.text:send)
                  000121ea    0000001e     sysbios.aem4f : m3_Hwi_asm_switch.obj (.text:ti_sysbios_family_xxx_Hwi_switchAndRunFunc)
                  00012208    0000001c     stk.aem4f : bind.oem4f (.text:BindFindByIF)
                  00012224    0000001c               : exec.oem4f (.text:ExecBroadcast)
                  00012240    0000001c     os.aem4f : ossys.oem4f (.text:NDK_sprintf)
                  0001225c    0000001c     stk.aem4f : nimu.oem4f (.text:NIMUAddHeader)
                  00012278    0000001c               : sockprot.oem4f (.text:SockPrDetach)
                  00012294    0000001c     os.aem4f : task.oem4f (.text:TaskDestroy)
                  000122b0    0000001c     drivers_tivaware.aem4f : GPIOTiva.oem4f (.text:getGpioIntIndex)
                  000122cc    0000001c     rtsv7M4_T_le_v4SPD16_eabi.lib : memccpy.c.obj (.text:memccpy)
                  000122e8    0000001c     httpget_pem4f.oem4f (.text:ti_ndk_config_global_taskCreateHook)
                  00012304    00000004     --HOLE-- [fill = 0]
                  00012308    0000001c     sysbios.aem4f : BIOS.obj (.text:ti_sysbios_gates_GateMutex_Instance_init__E)
                  00012324    0000001c     httpget_pem4f.oem4f (.text:ti_sysbios_knl_Queue_Object__destruct__S)
                  00012340    0000001c     sysbios.aem4f : BIOS.obj (.text:ti_sysbios_knl_Queue_get__E)
                  0001235c    00000004     --HOLE-- [fill = 0]
                  00012360    0000001c                   : BIOS.obj (.text:ti_sysbios_knl_Queue_put__E)
                  0001237c    00000004     --HOLE-- [fill = 0]
                  00012380    0000001c                   : BIOS.obj (.text:ti_sysbios_knl_Task_enter__I)
                  0001239c    0000001c     ti.targets.arm.rtsarm.aem4f : Error.oem4f (.text:xdc_runtime_Error_raiseX__E)
                  000123b8    0000001c                                 : Memory.oem4f (.text:xdc_runtime_Memory_valloc__E)
                  000123d4    0000001c                                 : SysMin.oem4f (.text:xdc_runtime_SysMin_exit__E)
                  000123f0    0000001c                                 : System.oem4f (.text:xdc_runtime_System_abort__E)
                  0001240c    0000001a     stk.aem4f : bind.oem4f (.text:BindGetIP)
                  00012426    0000001a               : sockint.oem4f (.text:SockSetOOBMark)
                  00012440    0000001a     rtsv7M4_T_le_v4SPD16_eabi.lib : s_copysign.c.obj (.text:copysign)
                  0001245a    0000001a     stk.aem4f : file.oem4f (.text:fdint_getfdt)
                  00012474    0000001a     httpget_pem4f.oem4f (.text:ti_sysbios_family_arm_m3_Hwi_Handle__label__S)
                  0001248e    0000001a     httpget_pem4f.oem4f (.text:ti_sysbios_gates_GateHwi_Handle__label__S)
                  000124a8    0000001a     httpget_pem4f.oem4f (.text:ti_sysbios_gates_GateMutex_Handle__label__S)
                  000124c2    0000001a     httpget_pem4f.oem4f (.text:ti_sysbios_heaps_HeapMem_Handle__label__S)
                  000124dc    0000001a     httpget_pem4f.oem4f (.text:ti_sysbios_knl_Swi_Handle__label__S)
                  000124f6    0000001a     httpget_pem4f.oem4f (.text:ti_sysbios_knl_Task_Handle__label__S)
                  00012510    0000001a     sysbios.aem4f : BIOS.obj (.text:ti_sysbios_knl_Task_sleepTimeout__I)
                  0001252a    0000001a     httpget_pem4f.oem4f (.text:xdc_runtime_System_aprintf__E)
                  00012544    0000001a     httpget_pem4f.oem4f (.text:xdc_runtime_System_printf__E)
                  0001255e    00000018     driverlib.lib : adc.obj (.text:ADCProcessorTrigger)
                  00012576    00000002     --HOLE-- [fill = 0]
                  00012578    00000018     drivers_tivaware.aem4f : EMACSnow.oem4f (.text:EMACSnow_emacSend)
                  00012590    00000018     stk.aem4f : ip.oem4f (.text:IPRtChange)
                  000125a8    00000018               : rawethsock_pcb.oem4f (.text:RawEthSockPcbCleanup)
                  000125c0    00000018     nettool_ipv4.aem4f : ipaddr.oem4f (.text:RouteHook)
                  000125d8    00000018     stk.aem4f : tcpin.oem4f (.text:SEQ_GEQ)
                  000125f0    00000018               : tcpout.oem4f (.text:SEQ_GEQ)
                  00012608    00000018               : tcpin.oem4f (.text:SEQ_GT)
                  00012620    00000018               : tcpout.oem4f (.text:SEQ_GT)
                  00012638    00000018               : tcpin.oem4f (.text:SEQ_LEQ)
                  00012650    00000018               : tcpout.oem4f (.text:SEQ_LEQ)
                  00012668    00000018               : tcpin.oem4f (.text:SEQ_LT)
                  00012680    00000018               : tcpout.oem4f (.text:SEQ_LT)
                  00012698    00000018               : tcp.oem4f (.text:TcpTimeoutAdd)
                  000126b0    00000018     rtsv7M4_T_le_v4SPD16_eabi.lib : args_main.c.obj (.text:_args_main)
                  000126c8    00000018                                   : sprintf.c.obj (.text:_outs)
                  000126e0    00000018     nettool_ipv4.aem4f : dhcpsock.oem4f (.text:dhcpSocketClose)
                  000126f8    00000018     stk.aem4f : listlib.oem4f (.text:list_add)
                  00012710    00000018     rtsv7M4_T_le_v4SPD16_eabi.lib : strcmp.c.obj (.text:strcmp)
                  00012728    00000018     httpget_pem4f.oem4f (.text:ti_sysbios_BIOS_rtsUnlock__I)
                  00012740    00000018     httpget_pem4f.oem4f (.text:ti_sysbios_family_arm_lm4_Timer_Module__startupDone__F)
                  00012758    00000018     httpget_pem4f.oem4f (.text:ti_sysbios_family_arm_m3_Hwi_Module__startupDone__F)
                  00012770    00000018     sysbios.aem4f : m3_TaskSupport_asm.obj (.text:ti_sysbios_family_arm_m3_TaskSupport_swap__E)
                  00012788    00000018                   : BIOS.obj (.text:ti_sysbios_gates_GateMutex_leave__E)
                  000127a0    00000018                   : BIOS.obj (.text:ti_sysbios_knl_Task_unblock__E)
                  000127b8    00000018     ti.targets.arm.rtsarm.aem4f : Error.oem4f (.text:xdc_runtime_Error_check__E)
                  000127d0    00000018                                 : System.oem4f (.text:xdc_runtime_System_exit__E)
                  000127e8    00000018                                 : Text.oem4f (.text:xdc_runtime_Text_ropeText__E)
                  00012800    00000016     driverlib.lib : emac.obj (.text:EMACReset)
                  00012816    00000016                   : emac.obj (.text:EMACRxEnable)
                  0001282c    00000016                   : emac.obj (.text:EMACTxEnable)
                  00012842    00000016     stk.aem4f : file.oem4f (.text:fdint_freefdt)
                  00012858    00000016     rtsv7M4_T_le_v4SPD16_eabi.lib : strchr.c.obj (.text:strchr)
                  0001286e    00000016     httpget_pem4f.oem4f (.text:ti_sysbios_BIOS_exitFunc__I)
                  00012884    00000016     main.obj (.text:ti_sysbios_knl_Task_Params_init)
                  0001289a    00000016     ti.targets.arm.rtsarm.aem4f : System.oem4f (.text:xdc_runtime_System_vsprintf__E)
                  000128b0    00000014     stk.aem4f : bind.oem4f (.text:BindIPHost2IF)
                  000128c4    00000014     driverlib.lib : flash.obj (.text:FlashUserGet)
                  000128d8    00000014     netctrl_min_ipv4.aem4f : netctrl.oem4f (.text:NC_NetStop)
                  000128ec    00000014     os.aem4f : task.oem4f (.text:NDK_hookExit)
                  00012900    00000014     stk.aem4f : nimu.oem4f (.text:NIMUSendPacket)
                  00012914    00000014     nettool_ipv4.aem4f : ipaddr.oem4f (.text:NtRemoveNetwork)
                  00012928    00000014     stk.aem4f : rawethsock_pcb.oem4f (.text:RawEthSockPcbInit)
                  0001293c    00000014               : timer.oem4f (.text:TimerFree)
                  00012950    00000014     main.obj (.text:connect)
                  00012964    00000014     main.obj (.text:socket)
                  00012978    00000014     rtsv7M4_T_le_v4SPD16_eabi.lib : strcpy.c.obj (.text:strcpy)
                  0001298c    00000014                                   : strlen.c.obj (.text:strlen)
                  000129a0    00000014     httpget_pem4f.oem4f (.text:ti_ndk_config_global_taskExitHook)
                  000129b4    00000014     httpget_pem4f.oem4f (.text:ti_sysbios_family_arm_m3_Hwi_Object__get__S)
                  000129c8    00000014     sysbios.aem4f : BIOS.obj (.text:ti_sysbios_family_arm_m3_Hwi_switchFromBootStack__E)
                  000129dc    00000014     httpget_pem4f.oem4f (.text:ti_sysbios_heaps_HeapMem_Object__get__S)
                  000129f0    00000014     httpget_pem4f.oem4f (.text:ti_sysbios_knl_Mailbox_Object__get__S)
                  00012a04    00000014     httpget_pem4f.oem4f (.text:ti_sysbios_knl_Swi_Object__get__S)
                  00012a18    00000014     httpget_pem4f.oem4f (.text:ti_sysbios_knl_Task_Object__first__S)
                  00012a2c    00000014     httpget_pem4f.oem4f (.text:ti_sysbios_knl_Task_Object__next__S)
                  00012a40    00000012     driverlib.lib : gpio.obj (.text:GPIOPinTypeADC)
                  00012a52    00000012                   : gpio.obj (.text:GPIOPinTypeEthernetLED)
                  00012a64    00000012     stk.aem4f : sockprot.oem4f (.text:SockPrAttach)
                  00012a76    00000012               : sockint.oem4f (.text:SockSetOOBData)
                  00012a88    00000012     main.obj (.text:netIPAddrHook)
                  00012a9a    00000006     driverlib.lib : emac.obj (.text:EMACTxDMADescriptorListSet)
                  00012aa0    00000012     sysbios.aem4f : BIOS.obj (.text:ti_sysbios_hal_Hwi_Module_startup__E)
                  00012ab2    00000006     driverlib.lib : gpio.obj (.text:GPIOIntClear)
                  00012ab8    00000012     sysbios.aem4f : BIOS.obj (.text:ti_sysbios_hal_Timer_Module_startup__E)
                  00012aca    00000006     driverlib.lib : gpio.obj (.text:GPIOPinWrite)
                  00012ad0    00000012     sysbios.aem4f : BIOS.obj (.text:ti_sysbios_knl_Semaphore_reset__E)
                  00012ae2    00000012     rtsv7M4_T_le_v4SPD16_eabi.lib : wcslen.c.obj (.text:wcslen)
                  00012af4    00000012     httpget_pem4f.oem4f (.text:xdc_runtime_Startup_exec__I)
                  00012b06    00000002     --HOLE-- [fill = 0]
                  00012b08    00000010     httpget_pem4f.oem4f (.text:.bootCodeSection:ti_catalog_arm_cortexm4_tiva_ce_Boot_init__I)
                  00012b18    00000010     stk.aem4f : bind.oem4f (.text:BindIF2IPHost)
                  00012b28    00000010               : bind.oem4f (.text:BindIFNet2IPHost)
                  00012b38    00000010     driverlib.lib : emac.obj (.text:EMACFrameFilterSet)
                  00012b48    00000010     stk.aem4f : exec.oem4f (.text:ExecHRef)
                  00012b58    00000010     netctrl_min_ipv4.aem4f : netctrl.oem4f (.text:NC_IPUpdate)
                  00012b68    00000010     stk.aem4f : nimu.oem4f (.text:NIMUGetRsvdSizeInfo)
                  00012b78    00000010     sysbios.aem4f : BIOS.obj (.text:ti_sysbios_BIOS_exit__E)
                  00012b88    00000010                   : BIOS.obj (.text:ti_sysbios_BIOS_getCpuFreq__E)
                  00012b98    00000010                   : BIOS.obj (.text:ti_sysbios_BIOS_setThreadType__E)
                  00012ba8    00000010                   : BIOS.obj (.text:ti_sysbios_BIOS_start__E)
                  00012bb8    00000010                   : m3_TaskSupport_asm.obj (.text:ti_sysbios_family_arm_m3_TaskSupport_glue)
                  00012bc8    00000010                   : BIOS.obj (.text:ti_sysbios_gates_GateMutex_Instance_finalize__E)
                  00012bd8    00000010                   : BIOS.obj (.text:ti_sysbios_knl_Semaphore_Instance_finalize__E)
                  00012be8    00000010                   : BIOS.obj (.text:ti_sysbios_knl_Swi_disable__E)
                  00012bf8    00000010     httpget_pem4f.oem4f (.text:ti_sysbios_knl_Task_Object__get__S)
                  00012c08    00000010     sysbios.aem4f : BIOS.obj (.text:ti_sysbios_knl_Task_disable__E)
                  00012c18    00000010     ti.targets.arm.rtsarm.aem4f : Gate.oem4f (.text:xdc_runtime_Gate_leaveSystem__E)
                  00012c28    00000010                                 : Memory.oem4f (.text:xdc_runtime_Memory_free__E)
                  00012c38    00000010                                 : SysMin.oem4f (.text:xdc_runtime_SysMin_ready__E)
                  00012c48    00000010                                 : System.oem4f (.text:xdc_runtime_System_vsnprintf__E)
                  00012c58    00000010     httpget_pem4f.oem4f (.text:xdc_runtime_Text_visitRope__I)
                  00012c68    0000000e     driverlib.lib : adc.obj (.text:ADCSequenceEnable)
                  00012c76    0000000e     drivers_tivaware.aem4f : EMACSnow.oem4f (.text:EMACSnow_emacioctl)
                  00012c84    0000000e     stk.aem4f : exec.oem4f (.text:ExecLowResource)
                  00012c92    0000000e     driverlib.lib : gpio.obj (.text:GPIOIntStatus)
                  00012ca0    0000000e     rtsv7M4_T_le_v4SPD16_eabi.lib : copy_decompress_none.c.obj (.text:decompress:none:__TI_decompress_none)
                  00012cae    00000002     --HOLE-- [fill = 0]
                  00012cb0    0000000e     sysbios.aem4f : BIOS.obj (.text:ti_sysbios_knl_Clock_removeI__E)
                  00012cbe    00000002     --HOLE-- [fill = 0]
                  00012cc0    0000000e                   : BIOS.obj (.text:ti_sysbios_knl_Idle_loop__E)
                  00012cce    00000002     --HOLE-- [fill = 0]
                  00012cd0    0000000e                   : BIOS.obj (.text:ti_sysbios_knl_Queue_empty__E)
                  00012cde    00000002     --HOLE-- [fill = 0]
                  00012ce0    0000000c     stk.aem4f : bind.oem4f (.text:BindGetFirst)
                  00012cec    0000000c     nettool_ipv4.aem4f : config.oem4f (.text:CfgSetDefault)
                  00012cf8    0000000c     drivers_tivaware.aem4f : EMACSnow.oem4f (.text:EMACSnow_init)
                  00012d04    0000000c     os.aem4f : task.oem4f (.text:NDK_hookInit)
                  00012d10    0000000c     stk.aem4f : nimu.oem4f (.text:NIMUSetRsvdSizeInfo)
                  00012d1c    0000000c     os.aem4f : task.oem4f (.text:NotifyLowResource)
                  00012d28    0000000c     stk.aem4f : pbm.oem4f (.text:PBM_close)
                  00012d34    0000000c     os.aem4f : semaphore.oem4f (.text:SemDelete)
                  00012d40    0000000c     hal_timer_bios.aem4f : lltimer.oem4f (.text:_llTimerShutdown)
                  00012d4c    0000000c     rtsv7M4_T_le_v4SPD16_eabi.lib : _lock.c.obj (.text:_register_lock)
                  00012d58    0000000c                                   : _lock.c.obj (.text:_register_unlock)
                  00012d64    0000000c     main.obj (.text:close)
                  00012d70    0000000c     rtsv7M4_T_le_v4SPD16_eabi.lib : copy_zero_init.c.obj (.text:decompress:ZI:__TI_zero_init)
                  00012d7c    0000000c     hal_timer_bios.aem4f : lltimer.oem4f (.text:llTimerGetStartTime)
                  00012d88    0000000c     sysbios.aem4f : BIOS.obj (.text:ti_sysbios_BIOS_getThreadType__E)
                  00012d94    00000004     --HOLE-- [fill = 0]
                  00012d98    0000000c                   : BIOS.obj (.text:ti_sysbios_family_arm_lm4_Timer_getMaxTicks__E)
                  00012da4    0000000c     httpget_pem4f.oem4f (.text:ti_sysbios_family_arm_m3_Hwi_Params__init__S)
                  00012db0    0000000c     sysbios.aem4f : BIOS.obj (.text:ti_sysbios_family_arm_m3_Hwi_disableFxn__E)
                  00012dbc    00000004     --HOLE-- [fill = 0]
                  00012dc0    0000000c                   : BIOS.obj (.text:ti_sysbios_family_arm_m3_TaskSupport_checkStack__E)
                  00012dcc    00000004     --HOLE-- [fill = 0]
                  00012dd0    0000000c                   : BIOS.obj (.text:ti_sysbios_family_arm_m3_TaskSupport_getStackAlignment__E)
                  00012ddc    00000004     --HOLE-- [fill = 0]
                  00012de0    0000000c                   : BIOS.obj (.text:ti_sysbios_gates_GateHwi_enter__E)
                  00012dec    0000000c     httpget_pem4f.oem4f (.text:ti_sysbios_knl_Clock_Params__init__S)
                  00012df8    0000000c     sysbios.aem4f : BIOS.obj (.text:ti_sysbios_knl_Clock_getTicks__E)
                  00012e04    0000000c     httpget_pem4f.oem4f (.text:ti_sysbios_knl_Queue_Object__get__S)
                  00012e10    0000000c     httpget_pem4f.oem4f (.text:ti_sysbios_knl_Semaphore_Params__init__S)
                  00012e1c    0000000c     httpget_pem4f.oem4f (.text:ti_sysbios_knl_Task_Params__init__S)
                  00012e28    0000000c     sysbios.aem4f : BIOS.obj (.text:ti_sysbios_knl_Task_getIdleTask__E)
                  00012e34    00000004     --HOLE-- [fill = 0]
                  00012e38    0000000c                   : BIOS.obj (.text:ti_sysbios_knl_Task_self__E)
                  00012e44    0000000c     ti.targets.arm.rtsarm.aem4f : Error.oem4f (.text:xdc_runtime_Error_init__E)
                  00012e50    0000000c                                 : Gate.oem4f (.text:xdc_runtime_Gate_enterSystem__E)
                  00012e5c    0000000c                                 : Memory.oem4f (.text:xdc_runtime_Memory_calloc__E)
                  00012e68    0000000c                                 : Memory.oem4f (.text:xdc_runtime_Memory_getMaxDefaultTypeAlign__E)
                  00012e74    0000000a     driverlib.lib : adc.obj (.text:ADCIntClear)
                  00012e7e    0000000a     rtsv7M4_T_le_v4SPD16_eabi.lib : sprintf.c.obj (.text:_outc)
                  00012e88    0000000a     stk.aem4f : file.oem4f (.text:fdint_signalevent)
                  00012e92    0000000a               : file.oem4f (.text:fdint_signaltimeout)
                  00012e9c    0000000a     httpget_pem4f.oem4f (.text:xdc_runtime_IHeap_alloc)
                  00012ea6    0000000a     httpget_pem4f.oem4f (.text:xdc_runtime_IHeap_free)
                  00012eb0    00000008     EK_TM4C1294XL.obj (.text:EK_TM4C1294XL_initGPIO)
                  00012eb8    00000008     driverlib.lib : emac.obj (.text:EMACTxDMAPollDemand)
                  00012ec0    00000008     stk.aem4f : node.oem4f (.text:NodeFree)
                  00012ec8    00000008     os.aem4f : task.oem4f (.text:TaskBlock)
                  00012ed0    00000008     rtsv7M4_T_le_v4SPD16_eabi.lib : errno.c.obj (.text:__aeabi_errno_addr)
                  00012ed8    00000008     sysbios.aem4f : BIOS.obj (.text:ti_sysbios_family_arm_lm4_Timer_masterDisable__I)
                  00012ee0    00000008                   : BIOS.obj (.text:ti_sysbios_family_arm_m3_Hwi_doSwiRestore__I)
                  00012ee8    00000008                   : BIOS.obj (.text:ti_sysbios_family_arm_m3_Hwi_startup__E)
                  00012ef0    00000008                   : BIOS.obj (.text:ti_sysbios_knl_Task_getHookContext__E)
                  00012ef8    00000008                   : BIOS.obj (.text:ti_sysbios_knl_Task_setHookContext__E)
                  00012f00    00000006     driverlib.lib : sysctl.obj (.text:SysCtlDelay)
                  00012f06    00000006     stk.aem4f : tcpprot.oem4f (.text:TcpPrRecv)
                  00012f0c    00000006     ti.targets.arm.rtsarm.aem4f : xdc_noinit.oem4f (.text:__xdc__init)
                  00012f12    00000006                                 : System.oem4f (.text:xdc_runtime_System_Module_startup__E)
                  00012f18    00000006     sysbios.aem4f : BIOS.obj (.text:ti_sysbios_family_arm_m3_Hwi_doTaskRestore__I)
[...]
000150ec  ti_sysbios_gates_GateMutex_Object__DESC__C                           
0001510c  ti_sysbios_heaps_HeapMem_Object__DESC__C                             
0001512c  ti_sysbios_knl_Clock_Object__DESC__C                                 
0001514c  ti_sysbios_knl_Queue_Object__DESC__C                                 
0001516c  ti_sysbios_knl_Semaphore_Object__DESC__C                             
0001518c  ti_sysbios_knl_Swi_Object__DESC__C                                   
000151ac  ti_sysbios_knl_Task_Object__DESC__C                                  
000151cc  EMAC_config                                                          
000151fc  ti_sysbios_gates_GateHwi_Object__PARAMS__C                           
00015214  ti_sysbios_gates_GateMutex_Object__PARAMS__C                         
0001522c  ti_sysbios_knl_Queue_Object__PARAMS__C                               
00015244  ti_sysbios_knl_Task_hooks__A                                         
0001525c  GPIOTiva_config                                                      
00015270  xdc_runtime_Startup_firstFxns__A                                     
00015284  xdc_runtime_Startup_sfxnRts__A                                       
00015298  emacHWAttrs                                                          
000152b0  EMACSnow_fxnTable                                                    
000152b8  ti_sysbios_family_arm_m3_Hwi_excHookFuncs__A                         
000152c0  ti_sysbios_knl_Idle_funcList__A                                      
000152c8  ti_sysbios_knl_Idle_funcList__C                                      
000152d0  ti_sysbios_knl_Task_hooks__C                                         
000152d8  xdc_runtime_Startup_firstFxns__C                                     
000152e0  xdc_runtime_Startup_lastFxns__C                                      
000152e8  ti_catalog_arm_cortexm4_tiva_ce_Boot_A_mustNotUseEnhancedClockMode__C
000152ec  ti_catalog_arm_cortexm4_tiva_ce_Boot_Module__diagsEnabled__C         
000152f0  ti_catalog_arm_cortexm4_tiva_ce_Boot_Module__diagsIncluded__C        
000152f4  ti_catalog_arm_cortexm4_tiva_ce_Boot_Module__diagsMask__C            
000152f8  ti_sysbios_family_arm_lm4_Timer_enableFunc__C                        
000152fc  ti_sysbios_family_arm_lm4_Timer_numTimerDevices__C                   
00015300  ti_sysbios_family_arm_lm4_Timer_startupNeeded__C                     
00015304  ti_sysbios_family_arm_m3_Hwi_E_NMI__C                                
00015308  ti_sysbios_family_arm_m3_Hwi_E_alreadyDefined__C                     
0001530c  ti_sysbios_family_arm_m3_Hwi_E_busFault__C                           
00015310  ti_sysbios_family_arm_m3_Hwi_E_debugMon__C                           
00015314  ti_sysbios_family_arm_m3_Hwi_E_hardFault__C                          
00015318  ti_sysbios_family_arm_m3_Hwi_E_memFault__C                           
0001531c  ti_sysbios_family_arm_m3_Hwi_E_noIsr__C                              
00015320  ti_sysbios_family_arm_m3_Hwi_E_reserved__C                           
00015324  ti_sysbios_family_arm_m3_Hwi_E_svCall__C                             
00015328  ti_sysbios_family_arm_m3_Hwi_E_usageFault__C                         
0001532c  ti_sysbios_family_arm_m3_Hwi_NUM_INTERRUPTS__C                       
00015330  ti_sysbios_family_arm_m3_Hwi_Object__count__C                        
00015334  ti_sysbios_family_arm_m3_Hwi_ccr__C                                  
00015338  ti_sysbios_family_arm_m3_Hwi_excHandlerFunc__C                       
0001533c  ti_sysbios_family_arm_m3_Hwi_excHookFuncs__C                         
00015340  ti_sysbios_family_arm_m3_Hwi_nullIsrFunc__C                          
00015344  ti_sysbios_family_arm_m3_Hwi_priGroup__C                             
00015348  ti_sysbios_family_arm_m3_TaskSupport_stackAlignment__C               
0001534c  ti_sysbios_gates_GateMutex_Instance_State_sem__O                     
00015350  ti_sysbios_hal_Hwi_E_stackOverflow__C                                
00015354  ti_sysbios_heaps_HeapMem_E_memory__C                                 
00015358  ti_sysbios_heaps_HeapMem_Module__gateObj__C                          
0001535c  ti_sysbios_heaps_HeapMem_Object__count__C                            
00015360  ti_sysbios_heaps_HeapMem_reqAlign__C                                 
00015364  ti_sysbios_knl_Clock_Module_State_clockQ__O                          
00015368  ti_sysbios_knl_Mailbox_Instance_State_dataQue__O                     
0001536c  ti_sysbios_knl_Mailbox_Instance_State_dataSem__O                     
00015370  ti_sysbios_knl_Mailbox_Instance_State_freeQue__O                     
00015374  ti_sysbios_knl_Mailbox_Instance_State_freeSem__O                     
00015378  ti_sysbios_knl_Mailbox_Object__count__C                              
0001537c  ti_sysbios_knl_Mailbox_maxTypeAlign__C                               
00015380  ti_sysbios_knl_Semaphore_Instance_State_pendQ__O                     
00015384  ti_sysbios_knl_Swi_Object__count__C                                  
00015388  ti_sysbios_knl_Task_E_deleteNotAllowed__C                            
0001538c  ti_sysbios_knl_Task_E_spOutOfBounds__C                               
00015390  ti_sysbios_knl_Task_E_stackOverflow__C                               
00015394  ti_sysbios_knl_Task_Module_State_inactiveQ__O                        
00015398  ti_sysbios_knl_Task_Module_State_terminatedQ__O                      
0001539c  ti_sysbios_knl_Task_Object__count__C                                 
000153a0  ti_sysbios_knl_Task_Object__heap__C                                  
000153a4  ti_sysbios_knl_Task_allBlockedFunc__C                                
000153a8  ti_sysbios_knl_Task_defaultStackHeap__C                              
000153ac  ti_sysbios_knl_Task_defaultStackSize__C                              
000153b0  ti_sysbios_knl_Task_numConstructedTasks__C                           
000153b4  xdc_runtime_Assert_E_assertFailed__C                                 
000153b8  xdc_runtime_Core_A_initializedParams__C                              
000153bc  xdc_runtime_Core_Module__diagsEnabled__C                             
000153c0  xdc_runtime_Core_Module__diagsIncluded__C                            
000153c4  xdc_runtime_Core_Module__diagsMask__C                                
000153c8  xdc_runtime_Error_E_memory__C                                        
000153cc  xdc_runtime_Error_Module__diagsEnabled__C                            
000153d0  xdc_runtime_Error_Module__diagsIncluded__C                           
000153d4  xdc_runtime_Error_Module__diagsMask__C                               
000153d8  xdc_runtime_Error_Module__loggerFxn8__C                              
000153dc  xdc_runtime_Error_Module__loggerObj__C                               
000153e0  xdc_runtime_Error_policyFxn__C                                       
000153e4  xdc_runtime_Error_raiseHook__C                                       
000153e8  xdc_runtime_IGateProvider_Interface__BASE__C                         
000153ec  xdc_runtime_IHeap_Interface__BASE__C                                 
000153f0  xdc_runtime_IModule_Interface__BASE__C                               
000153f4  xdc_runtime_Log_L_error__C                                           
000153f8  xdc_runtime_Memory_defaultHeapInstance__C                            
000153fc  xdc_runtime_Startup_execImpl__C                                      
00015400  xdc_runtime_Startup_maxPasses__C                                     
00015404  xdc_runtime_Startup_sfxnRts__C                                       
00015408  xdc_runtime_Startup_sfxnTab__C                                       
0001540c  xdc_runtime_SysMin_bufSize__C                                        
00015410  xdc_runtime_SysMin_outputFunc__C                                     
00015414  xdc_runtime_System_Module__gateObj__C                                
00015418  xdc_runtime_System_abortFxn__C                                       
0001541c  xdc_runtime_System_exitFxn__C                                        
00015420  xdc_runtime_System_extendFxn__C                                      
00015424  xdc_runtime_System_maxAtexitHandlers__C                              
00015428  xdc_runtime_Text_charTab__C                                          
0001542c  xdc_runtime_Text_nameEmpty__C                                        
00015430  xdc_runtime_Text_nameStatic__C                                       
00015434  xdc_runtime_Text_nameUnknown__C                                      
00015438  xdc_runtime_Text_nodeTab__C                                          
0001543c  xdc_runtime_Text_visitRopeFxn__C                                     
00015440  ti_sysbios_hal_Hwi_Module__id__C                                     
00015442  ti_sysbios_heaps_HeapMem_Module__id__C                               
00015444  ti_sysbios_knl_Task_Module__id__C                                    
00015446  xdc_runtime_Core_Module__id__C                                       
00015448  xdc_runtime_Error_Module__loggerDefined__C                           
0001544a  xdc_runtime_Error_maxDepth__C                                        
0001544c  xdc_runtime_Memory_Module__id__C                                     
0001544e  xdc_runtime_SysMin_flushAtExit__C                                    
00015450  xdc_runtime_Text_charCnt__C                                          
00015452  xdc_runtime_Text_isLoaded__C                                         
00015454  xdc_runtime_Text_registryModsLastId__C                               
00015456  xdc_runtime_Text_unnamedModsLastId__C                                
00015458  __TI_static_base__                                                   
00015860  __TI_Handler_Table_Base                                              
0001586c  __TI_Handler_Table_Limit                                             
00015880  __TI_CINIT_Base                                                      
00015898  __TI_CINIT_Limit                                                     
20000000  __start___llvm_prf_cnts                                              
20000000  __stop___llvm_prf_cnts                                               
20000000  ti_sysbios_family_arm_m3_Hwi_ramVectors                              
20000380  ti_ndk_config_Global_pit                                             
20000498  ti_ndk_config_Global_pitBuffer                                       
2000cc98  ti_sysbios_heaps_HeapMem_Instance_State_0_buf__A                     
20014c98  ips                                                                  
20014d00  ti_ndk_config_Global_pBufMem                                         
20018900  ti_ndk_config_Global_pHdrMem                                         
20018bf8  ti_sysbios_knl_Task_Instance_State_0_stack__A                        
200193f8  ti_sysbios_knl_Task_Instance_State_1_stack__A                        
200199f8  ti_sysbios_knl_Task_Instance_State_2_stack__A                        
20019bf8  ti_sysbios_family_arm_m3_Hwi_dispatchTable                           
20019f58  __CIOBUF_                                                            
2001a178  tcps                                                                 
2001a2e8  ti_sysbios_knl_Mailbox_Instance_State_0_allocBuf__A                  
2001a538  xdc_runtime_SysMin_Module_State_0_outbuf__A                          
2001a5b8  nimu_mcb                                                             
2001a61c  _ICMPIn                                                              
2001a668  _ICMPOut                                                             
2001a6f4  tempstr                                                              
2001a728  vlan_mcb                                                             
2001a774  udps                                                                 
2001a798  BlockCount                                                           
2001a7b4  BlockMax                                                             
2001a7d0  PageCount                                                            
2001a7ec  PageMax                                                              
2001a808  stkEvent                                                             
2001a858  raweths                                                              
2001a868  raws                                                                 
2001a878  PBMQ_free                                                            
2001a884  tpseudo                                                              
2001a890  upseudo                                                              
2001a89c  ADCValues                                                            
2001a8a4  emacObjects                                                          
2001a8ac  parmbuf                                                              
2001a8d4  _IGMPInDiscard                                                       
2001a8d8  _IGMPInQuery                                                         
2001a8dc  _IGMPInQueryGroup                                                    
2001a8e0  _IGMPInResponse                                                      
2001a8e4  _IGMPOutResponse                                                     
2001a8e8  g_ulStatus                                                           
2001a8fc  raweth_pcb                                                           
2001a900  ti_sysbios_knl_Task_Instance_State_0_hookEnv__A                      
2001a904  ti_sysbios_knl_Task_Instance_State_1_hookEnv__A                      
2001a908  ti_sysbios_knl_Task_Instance_State_2_hookEnv__A                      
2001a90c  ti_sysbios_knl_Task_Object__table__V                                 
2001a9f0  _ipcfg                                                               
2001aaa4  ti_sysbios_family_arm_lm4_Timer_Object__table__V                     
2001ab24  ti_sysbios_knl_Swi_Module_State_0_readyQ__A                          
2001aba4  ti_sysbios_knl_Task_Module_State_0_readyQ__A                         
2001ac24  ti_sysbios_knl_Swi_Object__table__V                                  
2001ac84  ti_sysbios_knl_Mailbox_Object__table__V                              
2001ad22  ti_sysbios_family_arm_m3_Hwi_Module_State_0_excActive__A             
2001ad24  ti_sysbios_knl_Task_Module__state__V                                 
2001ade8  ti_sysbios_family_arm_lm4_Timer_Module_State_0_device__A             
2001ae28  ti_sysbios_gates_GateMutex_Object__table__V                          
2001ae94  ti_sysbios_family_arm_m3_Hwi_Module__state__V                        
2001aec8  enablePrefetch                                                       
2001aecc  phyCounter                                                           
2001aefa  xdc_runtime_Error_Module__state__V                                   
2001af2c  ti_sysbios_family_arm_m3_Hwi_Object__table__V                        
2001af5c  ti_sysbios_knl_Clock_Module__state__V                                
2001af88  pstrMsgName                                                          
2001afb0  _oscfg                                                               
2001afd4  PITCount                                                             
2001afd8  PITUsed                                                              
2001afdc  PITHigh                                                              
2001aff8  ti_sysbios_BIOS_Module__state__V                                     
2001b01c  ti_sysbios_family_arm_lm4_Timer_Module_State_0_handles__A            
2001b058  ti_ndk_config_Global_Id2Size                                         
2001b074  ti_sysbios_knl_Swi_Module__state__V                                  
2001b0d8  ti_sysbios_heaps_HeapMem_Object__table__V                            
2001b12c  ti_sysbios_knl_Semaphore_Object__table__V                            
2001b140  gpioPinConfigs                                                       
2001b158  _IGMPForceVersion1                                                   
2001b160  ti_sysbios_family_arm_lm4_Timer_Module__state__V                     
2001b16c  xdc_runtime_SysMin_Module__state__V                                  
2001b184  _lock                                                                
2001b188  _unlock                                                              
2001b18c  NIMUDeviceTable                                                      
2001b194  gpioCallbackFunctions                                                
2001b19c  ti_ndk_config_Global_HostName                                        
2001b1a0  __xdc__init__addr                                                    
2001b1b4  _ICMPInErrors                                                        
2001b1b8  _ICMPOutErrors                                                       
2001b1bc  _IPExecuting                                                         
2001b1d4  tcp_iss                                                              
2001b1d8  ptTimeFirst                                                          
2001b1e4  ti_sysbios_family_arm_m3_Hwi_Module__root__V                         
2001b1ec  ti_sysbios_gates_GateHwi_Module__root__V                             
2001b1f4  ti_sysbios_gates_GateMutex_Module__root__V                           
2001b1fc  ti_sysbios_hal_Timer_Object__table__V                                
2001b204  ti_sysbios_heaps_HeapMem_Module__root__V                             
2001b20c  ti_sysbios_knl_Clock_Module__root__V                                 
2001b214  ti_sysbios_knl_Queue_Module__root__V                                 
2001b21c  ti_sysbios_knl_Semaphore_Module__root__V                             
2001b224  ti_sysbios_knl_Swi_Module__root__V                                   
2001b22c  ti_sysbios_knl_Task_Module__root__V                                  
2001b234  xdc_runtime_Registry_Module__state__V                                
2001b23c  xdc_runtime_Startup_Module__state__V                                 
2001b244  xdc_runtime_System_Module_State_0_atexitHandlers__A                  
2001b24c  xdc_runtime_System_Module__state__V                                  
2001b254  macAddress                                                           
2001b278  errno                                                                
2001b27c  main_func_sp                                                         
2001b284  _IPReasmPtr                                                          
2001b294  ti_sysbios_family_arm_m3_Hwi_Module_State_0_excContext__A            
2001b298  ti_sysbios_family_arm_m3_Hwi_Module_State_0_excStack__A              
2001b29c  ti_sysbios_gates_GateHwi_Object__table__V                            
2001b2a0  ti_sysbios_knl_Task_Module_State_0_idleTask__A                       
2001b2a4  xdc_runtime_Memory_Module__state__V                                  
2001b2a8  __stack                                                              
2001baa8  __STACK_END                                                          
e000e000  ti_sysbios_family_arm_m3_Hwi_nvic                                    
ffffffff  __TI_pprof_out_hndl                                                  
ffffffff  __TI_prof_data_size                                                  
ffffffff  __TI_prof_data_start                                                 
ffffffff  __binit__                                                            
ffffffff  __c_args__                                                           
ffffffff  binit                                                                
UNDEFED   SHT$$INIT_ARRAY$$Base                                                
UNDEFED   SHT$$INIT_ARRAY$$Limit                                               

[1045 symbols]
